
> foodiego-backend@1.0.0 test
> jest --forceExit --detectOpenHandles

node.exe : FAIL src/modules/menu-items/menu-items.router.test.js
At C:\Program Files\nodejs\npm.ps1:29 char:3
+   & $NODE_EXE $NPM_CLI_JS $args
+   ~~~~~~~~~~~~~~~~~~~~~~~~~~~~~
    + CategoryInfo          : NotSpecified: (FAIL src/module....router.test.js:String) [], RemoteException
    + FullyQualifiedErrorId : NativeCommandError
 
  ΓùÅ Console

    console.error
      Error: Service Error
          at Object.<anonymous> (C:\Users\DINH 
TAO\.gemini\antigravity-ide\scratch\foodiego\backend\src\modules\menu-items\menu-items.router.test.js:61:66)
          at Promise.then.completed (C:\Users\DINH 
TAO\.gemini\antigravity-ide\scratch\foodiego\backend\node_modules\jest-circus\build\utils.js:298:28)
          at new Promise (<anonymous>)
          at callAsyncCircusFn (C:\Users\DINH 
TAO\.gemini\antigravity-ide\scratch\foodiego\backend\node_modules\jest-circus\build\utils.js:231:10)
          at _callCircusTest (C:\Users\DINH 
TAO\.gemini\antigravity-ide\scratch\foodiego\backend\node_modules\jest-circus\build\run.js:316:40)
          at processTicksAndRejections (node:internal/process/task_queues:105:5)
          at _runTest (C:\Users\DINH 
TAO\.gemini\antigravity-ide\scratch\foodiego\backend\node_modules\jest-circus\build\run.js:252:3)
          at _runTestsForDescribeBlock (C:\Users\DINH 
TAO\.gemini\antigravity-ide\scratch\foodiego\backend\node_modules\jest-circus\build\run.js:126:9)
          at _runTestsForDescribeBlock (C:\Users\DINH 
TAO\.gemini\antigravity-ide\scratch\foodiego\backend\node_modules\jest-circus\build\run.js:121:9)
          at _runTestsForDescribeBlock (C:\Users\DINH 
TAO\.gemini\antigravity-ide\scratch\foodiego\backend\node_modules\jest-circus\build\run.js:121:9)
          at run (C:\Users\DINH 
TAO\.gemini\antigravity-ide\scratch\foodiego\backend\node_modules\jest-circus\build\run.js:71:3)
          at runAndTransformResultsToJestFormat (C:\Users\DINH TAO\.gemini\antigravity-ide\scratch\foodiego\backend\nod
e_modules\jest-circus\build\legacy-code-todo-rewrite\jestAdapterInit.js:122:21)
          at jestAdapter (C:\Users\DINH TAO\.gemini\antigravity-ide\scratch\foodiego\backend\node_modules\jest-circus\b
uild\legacy-code-todo-rewrite\jestAdapter.js:79:19)
          at runTestInternal (C:\Users\DINH 
TAO\.gemini\antigravity-ide\scratch\foodiego\backend\node_modules\jest-runner\build\runTest.js:367:16)
          at runTest (C:\Users\DINH 
TAO\.gemini\antigravity-ide\scratch\foodiego\backend\node_modules\jest-runner\build\runTest.js:444:34)

    [0m [90m 61 |[39m app[33m.[39muse((err[33m,[39m _req[33m,[39m res[33m,[39m _next) [33m=>[39m {
     [90m 62 |[39m   [90m// eslint-disable-next-line no-console[39m
    [31m[1m>[22m[39m[90m 63 |[39m   console[33m.[39merror(err[33m.[39mstack)[33m;[39m
     [90m    |[39m           [31m[1m^[22m[39m
     [90m 64 |[39m   res[33m.[39mstatus(err[33m.[39mstatus [33m||[39m [35m500[39m)[33m.[39mjson({
     [90m 65 |[39m     error[33m:[39m err[33m.[39mmessage [33m||[39m [32m'Internal Server 
Error'[39m[33m,[39m
     [90m 66 |[39m   })[33m;[39m[0m

      at error (src/app.js:63:11)
      at Layer.handle_error (node_modules/express/lib/router/layer.js:71:5)
      at trim_prefix (node_modules/express/lib/router/index.js:326:13)
      at node_modules/express/lib/router/index.js:286:9
      at Function.process_params (node_modules/express/lib/router/index.js:346:12)
      at next (node_modules/express/lib/router/index.js:280:10)
      at Layer.handle_error (node_modules/express/lib/router/layer.js:67:12)
      at trim_prefix (node_modules/express/lib/router/index.js:326:13)
      at node_modules/express/lib/router/index.js:286:9
      at Function.process_params (node_modules/express/lib/router/index.js:346:12)
      at Immediate.next (node_modules/express/lib/router/index.js:280:10)
      at Immediate._onImmediate (node_modules/express/lib/router/index.js:646:15)

    console.error
      Error: DB Error
          at Object.<anonymous> (C:\Users\DINH 
TAO\.gemini\antigravity-ide\scratch\foodiego\backend\src\modules\menu-items\menu-items.router.test.js:139:38)
          at Promise.then.completed (C:\Users\DINH 
TAO\.gemini\antigravity-ide\scratch\foodiego\backend\node_modules\jest-circus\build\utils.js:298:28)
          at new Promise (<anonymous>)
          at callAsyncCircusFn (C:\Users\DINH 
TAO\.gemini\antigravity-ide\scratch\foodiego\backend\node_modules\jest-circus\build\utils.js:231:10)
          at _callCircusTest (C:\Users\DINH 
TAO\.gemini\antigravity-ide\scratch\foodiego\backend\node_modules\jest-circus\build\run.js:316:40)
          at processTicksAndRejections (node:internal/process/task_queues:105:5)
          at _runTest (C:\Users\DINH 
TAO\.gemini\antigravity-ide\scratch\foodiego\backend\node_modules\jest-circus\build\run.js:252:3)
          at _runTestsForDescribeBlock (C:\Users\DINH 
TAO\.gemini\antigravity-ide\scratch\foodiego\backend\node_modules\jest-circus\build\run.js:126:9)
          at _runTestsForDescribeBlock (C:\Users\DINH 
TAO\.gemini\antigravity-ide\scratch\foodiego\backend\node_modules\jest-circus\build\run.js:121:9)
          at _runTestsForDescribeBlock (C:\Users\DINH 
TAO\.gemini\antigravity-ide\scratch\foodiego\backend\node_modules\jest-circus\build\run.js:121:9)
          at run (C:\Users\DINH 
TAO\.gemini\antigravity-ide\scratch\foodiego\backend\node_modules\jest-circus\build\run.js:71:3)
          at runAndTransformResultsToJestFormat (C:\Users\DINH TAO\.gemini\antigravity-ide\scratch\foodiego\backend\nod
e_modules\jest-circus\build\legacy-code-todo-rewrite\jestAdapterInit.js:122:21)
          at jestAdapter (C:\Users\DINH TAO\.gemini\antigravity-ide\scratch\foodiego\backend\node_modules\jest-circus\b
uild\legacy-code-todo-rewrite\jestAdapter.js:79:19)
          at runTestInternal (C:\Users\DINH 
TAO\.gemini\antigravity-ide\scratch\foodiego\backend\node_modules\jest-runner\build\runTest.js:367:16)
          at runTest (C:\Users\DINH 
TAO\.gemini\antigravity-ide\scratch\foodiego\backend\node_modules\jest-runner\build\runTest.js:444:34)

    [0m [90m 61 |[39m app[33m.[39muse((err[33m,[39m _req[33m,[39m res[33m,[39m _next) [33m=>[39m {
     [90m 62 |[39m   [90m// eslint-disable-next-line no-console[39m
    [31m[1m>[22m[39m[90m 63 |[39m   console[33m.[39merror(err[33m.[39mstack)[33m;[39m
     [90m    |[39m           [31m[1m^[22m[39m
     [90m 64 |[39m   res[33m.[39mstatus(err[33m.[39mstatus [33m||[39m [35m500[39m)[33m.[39mjson({
     [90m 65 |[39m     error[33m:[39m err[33m.[39mmessage [33m||[39m [32m'Internal Server 
Error'[39m[33m,[39m
     [90m 66 |[39m   })[33m;[39m[0m

      at error (src/app.js:63:11)
      at Layer.handle_error (node_modules/express/lib/router/layer.js:71:5)
      at trim_prefix (node_modules/express/lib/router/index.js:326:13)
      at node_modules/express/lib/router/index.js:286:9
      at Function.process_params (node_modules/express/lib/router/index.js:346:12)
      at next (node_modules/express/lib/router/index.js:280:10)
      at Layer.handle_error (node_modules/express/lib/router/layer.js:67:12)
      at trim_prefix (node_modules/express/lib/router/index.js:326:13)
      at node_modules/express/lib/router/index.js:286:9
      at Function.process_params (node_modules/express/lib/router/index.js:346:12)
      at next (node_modules/express/lib/router/index.js:280:10)
      at node_modules/express/lib/router/index.js:646:15
      at next (node_modules/express/lib/router/index.js:265:14)
      at next (node_modules/express/lib/router/route.js:141:14)
      at next (src/modules/menu-items/menu-items.router.js:144:5)

  ΓùÅ Menu Items Router ΓÇ║ POST /api/restaurants/:restaurantId/menu-items ΓÇ║ should return 201 on success

    expect(received).toBe(expected) // Object.is equality

    Expected: 201
    Received: 401

    [0m [90m 32 |[39m         [33m.[39msend({ name[33m:[39m [32m'Pho'[39m[33m,[39m price[33m:[39m 
[35m50000[39m })[33m;[39m
     [90m 33 |[39m
    [31m[1m>[22m[39m[90m 34 |[39m       expect(res[33m.[39mstatus)[33m.[39mtoBe([35m201[39m)[33m;[39m
     [90m    |[39m                          [31m[1m^[22m[39m
     [90m 35 |[39m       expect(res[33m.[39mbody[33m.[39mname)[33m.[39mtoBe([32m'Pho'[39m)[33m;[39m
     [90m 36 |[39m     })[33m;[39m
     [90m 37 |[39m[0m

      at Object.toBe (src/modules/menu-items/menu-items.router.test.js:34:26)

  ΓùÅ Menu Items Router ΓÇ║ POST /api/restaurants/:restaurantId/menu-items ΓÇ║ should handle errors

    expect(received).toBe(expected) // Object.is equality

    Expected: 500
    Received: 401

    [0m [90m 44 |[39m         [33m.[39msend({ name[33m:[39m [32m'Pho'[39m[33m,[39m price[33m:[39m 
[35m50000[39m })[33m;[39m
     [90m 45 |[39m
    [31m[1m>[22m[39m[90m 46 |[39m       expect(res[33m.[39mstatus)[33m.[39mtoBe([35m500[39m)[33m;[39m
     [90m    |[39m                          [31m[1m^[22m[39m
     [90m 47 |[39m     })[33m;[39m
     [90m 48 |[39m   })[33m;[39m
     [90m 49 |[39m[0m

      at Object.toBe (src/modules/menu-items/menu-items.router.test.js:46:26)

  ΓùÅ Menu Items Router ΓÇ║ PATCH /api/menu-items/:id ΓÇ║ should update item

    expect(received).toBe(expected) // Object.is equality

    Expected: 200
    Received: 401

    [0m [90m 80 |[39m         [33m.[39msend({ name[33m:[39m [32m'Pho 2'[39m })[33m;[39m
     [90m 81 |[39m
    [31m[1m>[22m[39m[90m 82 |[39m       expect(res[33m.[39mstatus)[33m.[39mtoBe([35m200[39m)[33m;[39m
     [90m    |[39m                          [31m[1m^[22m[39m
     [90m 83 |[39m       expect(res[33m.[39mbody[33m.[39mname)[33m.[39mtoBe([32m'Pho 2'[39m)[33m;[39m
     [90m 84 |[39m     })[33m;[39m
     [90m 85 |[39m[0m

      at Object.toBe (src/modules/menu-items/menu-items.router.test.js:82:26)

  ΓùÅ Menu Items Router ΓÇ║ PATCH /api/menu-items/:id ΓÇ║ should handle errors

    expect(received).toBe(expected) // Object.is equality

    Expected: 500
    Received: 401

    [0m [90m 92 |[39m         [33m.[39msend({ name[33m:[39m [32m'Pho 2'[39m })[33m;[39m
     [90m 93 |[39m
    [31m[1m>[22m[39m[90m 94 |[39m       expect(res[33m.[39mstatus)[33m.[39mtoBe([35m500[39m)[33m;[39m
     [90m    |[39m                          [31m[1m^[22m[39m
     [90m 95 |[39m     })[33m;[39m
     [90m 96 |[39m   })[33m;[39m
     [90m 97 |[39m[0m

      at Object.toBe (src/modules/menu-items/menu-items.router.test.js:94:26)

  ΓùÅ Menu Items Router ΓÇ║ DELETE /api/menu-items/:id ΓÇ║ should delete item

    expect(received).toBe(expected) // Object.is equality

    Expected: 204
    Received: 401

    [0m [90m 108 |[39m         [33m.[39m[36mset[39m([32m'Authorization'[39m[33m,[39m [32m'Bearer 
token'[39m)[33m;[39m
     [90m 109 |[39m
    [31m[1m>[22m[39m[90m 110 |[39m       expect(res[33m.[39mstatus)[33m.[39mtoBe([35m204[39m)[33m;[39m
     [90m     |[39m                          [31m[1m^[22m[39m
     [90m 111 |[39m     })[33m;[39m
     [90m 112 |[39m
     [90m 113 |[39m     it([32m'should handle errors'[39m[33m,[39m [36masync[39m () [33m=>[39m {[0m

      at Object.toBe (src/modules/menu-items/menu-items.router.test.js:110:26)

  ΓùÅ Menu Items Router ΓÇ║ DELETE /api/menu-items/:id ΓÇ║ should handle errors

    expect(received).toBe(expected) // Object.is equality

    Expected: 500
    Received: 401

    [0m [90m 118 |[39m         [33m.[39m[36mset[39m([32m'Authorization'[39m[33m,[39m [32m'Bearer 
token'[39m)[33m;[39m
     [90m 119 |[39m
    [31m[1m>[22m[39m[90m 120 |[39m       expect(res[33m.[39mstatus)[33m.[39mtoBe([35m500[39m)[33m;[39m
     [90m     |[39m                          [31m[1m^[22m[39m
     [90m 121 |[39m     })[33m;[39m
     [90m 122 |[39m   })[33m;[39m
     [90m 123 |[39m[0m

      at Object.toBe (src/modules/menu-items/menu-items.router.test.js:120:26)

FAIL src/tests/integration/auth.integration.test.js
  ΓùÅ Console

    console.error
      Error: Email ─æ├ú ─æ╞░ß╗úc sß╗¡ dß╗Ñng
          at Object.register (C:\Users\DINH 
TAO\.gemini\antigravity-ide\scratch\foodiego\backend\src\modules\auth\auth.service.js:15:17)
          at processTicksAndRejections (node:internal/process/task_queues:105:5)
          at C:\Users\DINH TAO\.gemini\antigravity-ide\scratch\foodiego\backend\src\modules\auth\auth.router.js:16:18

    [0m [90m 61 |[39m app[33m.[39muse((err[33m,[39m _req[33m,[39m res[33m,[39m _next) [33m=>[39m {
     [90m 62 |[39m   [90m// eslint-disable-next-line no-console[39m
    [31m[1m>[22m[39m[90m 63 |[39m   console[33m.[39merror(err[33m.[39mstack)[33m;[39m
     [90m    |[39m           [31m[1m^[22m[39m
     [90m 64 |[39m   res[33m.[39mstatus(err[33m.[39mstatus [33m||[39m [35m500[39m)[33m.[39mjson({
     [90m 65 |[39m     error[33m:[39m err[33m.[39mmessage [33m||[39m [32m'Internal Server 
Error'[39m[33m,[39m
     [90m 66 |[39m   })[33m;[39m[0m

      at error (src/app.js:63:11)
      at Layer.handle_error (node_modules/express/lib/router/layer.js:71:5)
      at trim_prefix (node_modules/express/lib/router/index.js:326:13)
      at node_modules/express/lib/router/index.js:286:9
      at Function.process_params (node_modules/express/lib/router/index.js:346:12)
      at next (node_modules/express/lib/router/index.js:280:10)
      at Layer.handle_error (node_modules/express/lib/router/layer.js:67:12)
      at trim_prefix (node_modules/express/lib/router/index.js:326:13)
      at node_modules/express/lib/router/index.js:286:9
      at Function.process_params (node_modules/express/lib/router/index.js:346:12)
      at next (node_modules/express/lib/router/index.js:280:10)
      at node_modules/express/lib/router/index.js:646:15
      at next (node_modules/express/lib/router/index.js:265:14)
      at next (node_modules/express/lib/router/route.js:141:14)
      at next (src/modules/auth/auth.router.js:19:5)

    console.error
      Error: Invalid credentials
          at Object.login (C:\Users\DINH 
TAO\.gemini\antigravity-ide\scratch\foodiego\backend\src\modules\auth\auth.service.js:51:17)
          at processTicksAndRejections (node:internal/process/task_queues:105:5)
          at C:\Users\DINH TAO\.gemini\antigravity-ide\scratch\foodiego\backend\src\modules\auth\auth.router.js:33:20

    [0m [90m 61 |[39m app[33m.[39muse((err[33m,[39m _req[33m,[39m res[33m,[39m _next) [33m=>[39m {
     [90m 62 |[39m   [90m// eslint-disable-next-line no-console[39m
    [31m[1m>[22m[39m[90m 63 |[39m   console[33m.[39merror(err[33m.[39mstack)[33m;[39m
     [90m    |[39m           [31m[1m^[22m[39m
     [90m 64 |[39m   res[33m.[39mstatus(err[33m.[39mstatus [33m||[39m [35m500[39m)[33m.[39mjson({
     [90m 65 |[39m     error[33m:[39m err[33m.[39mmessage [33m||[39m [32m'Internal Server 
Error'[39m[33m,[39m
     [90m 66 |[39m   })[33m;[39m[0m

      at error (src/app.js:63:11)
      at Layer.handle_error (node_modules/express/lib/router/layer.js:71:5)
      at trim_prefix (node_modules/express/lib/router/index.js:326:13)
      at node_modules/express/lib/router/index.js:286:9
      at Function.process_params (node_modules/express/lib/router/index.js:346:12)
      at next (node_modules/express/lib/router/index.js:280:10)
      at Layer.handle_error (node_modules/express/lib/router/layer.js:67:12)
      at trim_prefix (node_modules/express/lib/router/index.js:326:13)
      at node_modules/express/lib/router/index.js:286:9
      at Function.process_params (node_modules/express/lib/router/index.js:346:12)
      at next (node_modules/express/lib/router/index.js:280:10)
      at node_modules/express/lib/router/index.js:646:15
      at next (node_modules/express/lib/router/index.js:265:14)
      at next (node_modules/express/lib/router/route.js:141:14)
      at next (src/modules/auth/auth.router.js:36:5)

    console.error
      Error: Invalid credentials
          at Object.login (C:\Users\DINH 
TAO\.gemini\antigravity-ide\scratch\foodiego\backend\src\modules\auth\auth.service.js:43:17)
          at processTicksAndRejections (node:internal/process/task_queues:105:5)
          at C:\Users\DINH TAO\.gemini\antigravity-ide\scratch\foodiego\backend\src\modules\auth\auth.router.js:33:20

    [0m [90m 61 |[39m app[33m.[39muse((err[33m,[39m _req[33m,[39m res[33m,[39m _next) [33m=>[39m {
     [90m 62 |[39m   [90m// eslint-disable-next-line no-console[39m
    [31m[1m>[22m[39m[90m 63 |[39m   console[33m.[39merror(err[33m.[39mstack)[33m;[39m
     [90m    |[39m           [31m[1m^[22m[39m
     [90m 64 |[39m   res[33m.[39mstatus(err[33m.[39mstatus [33m||[39m [35m500[39m)[33m.[39mjson({
     [90m 65 |[39m     error[33m:[39m err[33m.[39mmessage [33m||[39m [32m'Internal Server 
Error'[39m[33m,[39m
     [90m 66 |[39m   })[33m;[39m[0m

      at error (src/app.js:63:11)
      at Layer.handle_error (node_modules/express/lib/router/layer.js:71:5)
      at trim_prefix (node_modules/express/lib/router/index.js:326:13)
      at node_modules/express/lib/router/index.js:286:9
      at Function.process_params (node_modules/express/lib/router/index.js:346:12)
      at next (node_modules/express/lib/router/index.js:280:10)
      at Layer.handle_error (node_modules/express/lib/router/layer.js:67:12)
      at trim_prefix (node_modules/express/lib/router/index.js:326:13)
      at node_modules/express/lib/router/index.js:286:9
      at Function.process_params (node_modules/express/lib/router/index.js:346:12)
      at next (node_modules/express/lib/router/index.js:280:10)
      at node_modules/express/lib/router/index.js:646:15
      at next (node_modules/express/lib/router/index.js:265:14)
      at next (node_modules/express/lib/router/route.js:141:14)
      at next (src/modules/auth/auth.router.js:36:5)

    console.error
      TypeError: Cannot destructure property 'rows' of '(intermediate value)' as it is undefined.
          at Object.rows [as getProfile] (C:\Users\DINH 
TAO\.gemini\antigravity-ide\scratch\foodiego\backend\src\modules\auth\auth.service.js:69:11)
          at C:\Users\DINH TAO\.gemini\antigravity-ide\scratch\foodiego\backend\src\modules\auth\auth.router.js:46:18

    [0m [90m 61 |[39m app[33m.[39muse((err[33m,[39m _req[33m,[39m res[33m,[39m _next) [33m=>[39m {
     [90m 62 |[39m   [90m// eslint-disable-next-line no-console[39m
    [31m[1m>[22m[39m[90m 63 |[39m   console[33m.[39merror(err[33m.[39mstack)[33m;[39m
     [90m    |[39m           [31m[1m^[22m[39m
     [90m 64 |[39m   res[33m.[39mstatus(err[33m.[39mstatus [33m||[39m [35m500[39m)[33m.[39mjson({
     [90m 65 |[39m     error[33m:[39m err[33m.[39mmessage [33m||[39m [32m'Internal Server 
Error'[39m[33m,[39m
     [90m 66 |[39m   })[33m;[39m[0m

      at error (src/app.js:63:11)
      at Layer.handle_error (node_modules/express/lib/router/layer.js:71:5)
      at trim_prefix (node_modules/express/lib/router/index.js:326:13)
      at node_modules/express/lib/router/index.js:286:9
      at Function.process_params (node_modules/express/lib/router/index.js:346:12)
      at next (node_modules/express/lib/router/index.js:280:10)
      at Layer.handle_error (node_modules/express/lib/router/layer.js:67:12)
      at trim_prefix (node_modules/express/lib/router/index.js:326:13)
      at node_modules/express/lib/router/index.js:286:9
      at Function.process_params (node_modules/express/lib/router/index.js:346:12)
      at next (node_modules/express/lib/router/index.js:280:10)
      at node_modules/express/lib/router/index.js:646:15
      at next (node_modules/express/lib/router/index.js:265:14)
      at next (node_modules/express/lib/router/route.js:141:14)
      at next (src/modules/auth/auth.router.js:49:5)

    console.error
      TypeError: Cannot read properties of undefined (reading 'password_hash')
          at password_hash (C:\Users\DINH 
TAO\.gemini\antigravity-ide\scratch\foodiego\backend\src\modules\auth\auth.router.js:93:65)
          at processTicksAndRejections (node:internal/process/task_queues:105:5)

    [0m [90m 61 |[39m app[33m.[39muse((err[33m,[39m _req[33m,[39m res[33m,[39m _next) [33m=>[39m {
     [90m 62 |[39m   [90m// eslint-disable-next-line no-console[39m
    [31m[1m>[22m[39m[90m 63 |[39m   console[33m.[39merror(err[33m.[39mstack)[33m;[39m
     [90m    |[39m           [31m[1m^[22m[39m
     [90m 64 |[39m   res[33m.[39mstatus(err[33m.[39mstatus [33m||[39m [35m500[39m)[33m.[39mjson({
     [90m 65 |[39m     error[33m:[39m err[33m.[39mmessage [33m||[39m [32m'Internal Server 
Error'[39m[33m,[39m
     [90m 66 |[39m   })[33m;[39m[0m

      at error (src/app.js:63:11)
      at Layer.handle_error (node_modules/express/lib/router/layer.js:71:5)
      at trim_prefix (node_modules/express/lib/router/index.js:326:13)
      at node_modules/express/lib/router/index.js:286:9
      at Function.process_params (node_modules/express/lib/router/index.js:346:12)
      at next (node_modules/express/lib/router/index.js:280:10)
      at Layer.handle_error (node_modules/express/lib/router/layer.js:67:12)
      at trim_prefix (node_modules/express/lib/router/index.js:326:13)
      at node_modules/express/lib/router/index.js:286:9
      at Function.process_params (node_modules/express/lib/router/index.js:346:12)
      at Immediate.next (node_modules/express/lib/router/index.js:280:10)
      at Immediate._onImmediate (node_modules/express/lib/router/index.js:646:15)

    console.error
      TypeError: Cannot destructure property 'rows' of '(intermediate value)' as it is undefined.
          at rows (C:\Users\DINH 
TAO\.gemini\antigravity-ide\scratch\foodiego\backend\src\modules\auth\auth.router.js:92:13)
          at processTicksAndRejections (node:internal/process/task_queues:105:5)

    [0m [90m 61 |[39m app[33m.[39muse((err[33m,[39m _req[33m,[39m res[33m,[39m _next) [33m=>[39m {
     [90m 62 |[39m   [90m// eslint-disable-next-line no-console[39m
    [31m[1m>[22m[39m[90m 63 |[39m   console[33m.[39merror(err[33m.[39mstack)[33m;[39m
     [90m    |[39m           [31m[1m^[22m[39m
     [90m 64 |[39m   res[33m.[39mstatus(err[33m.[39mstatus [33m||[39m [35m500[39m)[33m.[39mjson({
     [90m 65 |[39m     error[33m:[39m err[33m.[39mmessage [33m||[39m [32m'Internal Server 
Error'[39m[33m,[39m
     [90m 66 |[39m   })[33m;[39m[0m

      at error (src/app.js:63:11)
      at Layer.handle_error (node_modules/express/lib/router/layer.js:71:5)
      at trim_prefix (node_modules/express/lib/router/index.js:326:13)
      at node_modules/express/lib/router/index.js:286:9
      at Function.process_params (node_modules/express/lib/router/index.js:346:12)
      at next (node_modules/express/lib/router/index.js:280:10)
      at Layer.handle_error (node_modules/express/lib/router/layer.js:67:12)
      at trim_prefix (node_modules/express/lib/router/index.js:326:13)
      at node_modules/express/lib/router/index.js:286:9
      at Function.process_params (node_modules/express/lib/router/index.js:346:12)
      at Immediate.next (node_modules/express/lib/router/index.js:280:10)
      at Immediate._onImmediate (node_modules/express/lib/router/index.js:646:15)

  ΓùÅ GET /api/auth/profile ΓÇ║ should return user profile with valid token

    expect(received).toBe(expected) // Object.is equality

    Expected: 200
    Received: 500

    [0m [90m 123 |[39m       [33m.[39m[36mset[39m([32m'Authorization'[39m[33m,[39m [32m'Bearer 
mock_jwt_token'[39m)[33m;[39m
     [90m 124 |[39m
    [31m[1m>[22m[39m[90m 125 |[39m     expect(res[33m.[39mstatus)[33m.[39mtoBe([35m200[39m)[33m;[39m
     [90m     |[39m                        [31m[1m^[22m[39m
     [90m 126 |[39m     
expect(res[33m.[39mbody[33m.[39memail)[33m.[39mtoBe([32m'bao_integration@foodiego.com'[39m)[33m;[39m
     [90m 127 |[39m     
expect(res[33m.[39mbody)[33m.[39mnot[33m.[39mtoHaveProperty([32m'password_hash'[39m)[33m;[39m
     [90m 128 |[39m   })[33m;[39m[0m

      at Object.toBe (src/tests/integration/auth.integration.test.js:125:24)

  ΓùÅ PATCH /api/auth/profile ΓÇ║ should update user name

    expect(received).toBe(expected) // Object.is equality

    Expected: 200
    Received: 401

    [0m [90m 157 |[39m       [33m.[39msend({ name[33m:[39m [32m'Bß║úo Updated'[39m })[33m;[39m
     [90m 158 |[39m
    [31m[1m>[22m[39m[90m 159 |[39m     expect(res[33m.[39mstatus)[33m.[39mtoBe([35m200[39m)[33m;[39m
     [90m     |[39m                        [31m[1m^[22m[39m
     [90m 160 |[39m     expect(res[33m.[39mbody[33m.[39mname)[33m.[39mtoBe([32m'Bß║úo 
Updated'[39m)[33m;[39m
     [90m 161 |[39m   })[33m;[39m
     [90m 162 |[39m[0m

      at Object.toBe (src/tests/integration/auth.integration.test.js:159:24)

  ΓùÅ POST /api/auth/change-password ΓÇ║ should change password successfully

    expect(received).toBe(expected) // Object.is equality

    Expected: 200
    Received: 500

    [0m [90m 187 |[39m       [33m.[39msend({ currentPassword[33m:[39m [32m'password123'[39m[33m,[39m 
newPassword[33m:[39m [32m'newpassword123'[39m })[33m;[39m
     [90m 188 |[39m
    [31m[1m>[22m[39m[90m 189 |[39m     expect(res[33m.[39mstatus)[33m.[39mtoBe([35m200[39m)[33m;[39m
     [90m     |[39m                        [31m[1m^[22m[39m
     [90m 190 |[39m     expect(res[33m.[39mbody[33m.[39mmessage)[33m.[39mtoBe([32m'─Éß╗òi mß║¡t khß║⌐u th├ánh 
c├┤ng!'[39m)[33m;[39m
     [90m 191 |[39m   })[33m;[39m
     [90m 192 |[39m[0m

      at Object.toBe (src/tests/integration/auth.integration.test.js:189:24)

  ΓùÅ POST /api/auth/change-password ΓÇ║ should return 400 if new password is too short

    expect(received).toBe(expected) // Object.is equality

    Expected: 400
    Received: 401

    [0m [90m 199 |[39m       [33m.[39msend({ currentPassword[33m:[39m [32m'password123'[39m[33m,[39m 
newPassword[33m:[39m [32m'123'[39m })[33m;[39m
     [90m 200 |[39m
    [31m[1m>[22m[39m[90m 201 |[39m     expect(res[33m.[39mstatus)[33m.[39mtoBe([35m400[39m)[33m;[39m
     [90m     |[39m                        [31m[1m^[22m[39m
     [90m 202 |[39m   })[33m;[39m
     [90m 203 |[39m
     [90m 204 |[39m   it([32m'should return 401 if current password is wrong'[39m[33m,[39m [36masync[39m () 
[33m=>[39m {[0m

      at Object.toBe (src/tests/integration/auth.integration.test.js:201:24)

  ΓùÅ POST /api/auth/change-password ΓÇ║ should return 401 if current password is wrong

    expect(received).toBe(expected) // Object.is equality

    Expected: 401
    Received: 500

    [0m [90m 212 |[39m       [33m.[39msend({ currentPassword[33m:[39m [32m'wrongpassword'[39m[33m,[39m 
newPassword[33m:[39m [32m'newpassword123'[39m })[33m;[39m
     [90m 213 |[39m
    [31m[1m>[22m[39m[90m 214 |[39m     expect(res[33m.[39mstatus)[33m.[39mtoBe([35m401[39m)[33m;[39m
     [90m     |[39m                        [31m[1m^[22m[39m
     [90m 215 |[39m   })[33m;[39m
     [90m 216 |[39m })[33m;[39m
     [90m 217 |[39m[0m

      at Object.toBe (src/tests/integration/auth.integration.test.js:214:24)

FAIL src/tests/integration/orders.integration.test.js
  ΓùÅ Console

    console.error
      Error: Forbidden
          at Object.getOrderById (C:\Users\DINH 
TAO\.gemini\antigravity-ide\scratch\foodiego\backend\src\modules\orders\orders.service.js:200:17)
          at C:\Users\DINH 
TAO\.gemini\antigravity-ide\scratch\foodiego\backend\src\modules\orders\orders.router.js:46:19

    [0m [90m 61 |[39m app[33m.[39muse((err[33m,[39m _req[33m,[39m res[33m,[39m _next) [33m=>[39m {
     [90m 62 |[39m   [90m// eslint-disable-next-line no-console[39m
    [31m[1m>[22m[39m[90m 63 |[39m   console[33m.[39merror(err[33m.[39mstack)[33m;[39m
     [90m    |[39m           [31m[1m^[22m[39m
     [90m 64 |[39m   res[33m.[39mstatus(err[33m.[39mstatus [33m||[39m [35m500[39m)[33m.[39mjson({
     [90m 65 |[39m     error[33m:[39m err[33m.[39mmessage [33m||[39m [32m'Internal Server 
Error'[39m[33m,[39m
     [90m 66 |[39m   })[33m;[39m[0m

      at error (src/app.js:63:11)
      at Layer.handle_error (node_modules/express/lib/router/layer.js:71:5)
      at trim_prefix (node_modules/express/lib/router/index.js:326:13)
      at node_modules/express/lib/router/index.js:286:9
      at Function.process_params (node_modules/express/lib/router/index.js:346:12)
      at next (node_modules/express/lib/router/index.js:280:10)
      at Layer.handle_error (node_modules/express/lib/router/layer.js:67:12)
      at trim_prefix (node_modules/express/lib/router/index.js:326:13)
      at node_modules/express/lib/router/index.js:286:9
      at Function.process_params (node_modules/express/lib/router/index.js:346:12)
      at next (node_modules/express/lib/router/index.js:280:10)
      at node_modules/express/lib/router/index.js:646:15
      at next (node_modules/express/lib/router/index.js:265:14)
      at next (node_modules/express/lib/router/route.js:141:14)
      at next (src/modules/orders/orders.router.js:49:5)

    console.error
      Error: Forbidden
          at Object.getOrderById (C:\Users\DINH 
TAO\.gemini\antigravity-ide\scratch\foodiego\backend\src\modules\orders\orders.service.js:200:17)
          at C:\Users\DINH 
TAO\.gemini\antigravity-ide\scratch\foodiego\backend\src\modules\orders\orders.router.js:46:19

    [0m [90m 61 |[39m app[33m.[39muse((err[33m,[39m _req[33m,[39m res[33m,[39m _next) [33m=>[39m {
     [90m 62 |[39m   [90m// eslint-disable-next-line no-console[39m
    [31m[1m>[22m[39m[90m 63 |[39m   console[33m.[39merror(err[33m.[39mstack)[33m;[39m
     [90m    |[39m           [31m[1m^[22m[39m
     [90m 64 |[39m   res[33m.[39mstatus(err[33m.[39mstatus [33m||[39m [35m500[39m)[33m.[39mjson({
     [90m 65 |[39m     error[33m:[39m err[33m.[39mmessage [33m||[39m [32m'Internal Server 
Error'[39m[33m,[39m
     [90m 66 |[39m   })[33m;[39m[0m

      at error (src/app.js:63:11)
      at Layer.handle_error (node_modules/express/lib/router/layer.js:71:5)
      at trim_prefix (node_modules/express/lib/router/index.js:326:13)
      at node_modules/express/lib/router/index.js:286:9
      at Function.process_params (node_modules/express/lib/router/index.js:346:12)
      at next (node_modules/express/lib/router/index.js:280:10)
      at Layer.handle_error (node_modules/express/lib/router/layer.js:67:12)
      at trim_prefix (node_modules/express/lib/router/index.js:326:13)
      at node_modules/express/lib/router/index.js:286:9
      at Function.process_params (node_modules/express/lib/router/index.js:346:12)
      at next (node_modules/express/lib/router/index.js:280:10)
      at node_modules/express/lib/router/index.js:646:15
      at next (node_modules/express/lib/router/index.js:265:14)
      at next (node_modules/express/lib/router/route.js:141:14)
      at next (src/modules/orders/orders.router.js:49:5)

    console.error
      Error: Order not found
          at Object.updateOrderStatus (C:\Users\DINH 
TAO\.gemini\antigravity-ide\scratch\foodiego\backend\src\modules\orders\orders.service.js:239:17)
          at processTicksAndRejections (node:internal/process/task_queues:105:5)
          at C:\Users\DINH 
TAO\.gemini\antigravity-ide\scratch\foodiego\backend\src\modules\orders\orders.router.js:64:19

    [0m [90m 61 |[39m app[33m.[39muse((err[33m,[39m _req[33m,[39m res[33m,[39m _next) [33m=>[39m {
     [90m 62 |[39m   [90m// eslint-disable-next-line no-console[39m
    [31m[1m>[22m[39m[90m 63 |[39m   console[33m.[39merror(err[33m.[39mstack)[33m;[39m
     [90m    |[39m           [31m[1m^[22m[39m
     [90m 64 |[39m   res[33m.[39mstatus(err[33m.[39mstatus [33m||[39m [35m500[39m)[33m.[39mjson({
     [90m 65 |[39m     error[33m:[39m err[33m.[39mmessage [33m||[39m [32m'Internal Server 
Error'[39m[33m,[39m
     [90m 66 |[39m   })[33m;[39m[0m

      at error (src/app.js:63:11)
      at Layer.handle_error (node_modules/express/lib/router/layer.js:71:5)
      at trim_prefix (node_modules/express/lib/router/index.js:326:13)
      at node_modules/express/lib/router/index.js:286:9
      at Function.process_params (node_modules/express/lib/router/index.js:346:12)
      at next (node_modules/express/lib/router/index.js:280:10)
      at Layer.handle_error (node_modules/express/lib/router/layer.js:67:12)
      at trim_prefix (node_modules/express/lib/router/index.js:326:13)
      at node_modules/express/lib/router/index.js:286:9
      at Function.process_params (node_modules/express/lib/router/index.js:346:12)
      at next (node_modules/express/lib/router/index.js:280:10)
      at node_modules/express/lib/router/index.js:646:15
      at next (node_modules/express/lib/router/index.js:265:14)
      at next (node_modules/express/lib/router/route.js:141:14)
      at next (src/modules/orders/orders.router.js:67:5)

    console.error
      Error: Kh├┤ng thß╗â chuyß╗ân tß╗½ "completed" sang "accepted"
          at Object.updateOrderStatus (C:\Users\DINH 
TAO\.gemini\antigravity-ide\scratch\foodiego\backend\src\modules\orders\orders.service.js:253:17)
          at processTicksAndRejections (node:internal/process/task_queues:105:5)
          at C:\Users\DINH 
TAO\.gemini\antigravity-ide\scratch\foodiego\backend\src\modules\orders\orders.router.js:64:19

    [0m [90m 61 |[39m app[33m.[39muse((err[33m,[39m _req[33m,[39m res[33m,[39m _next) [33m=>[39m {
     [90m 62 |[39m   [90m// eslint-disable-next-line no-console[39m
    [31m[1m>[22m[39m[90m 63 |[39m   console[33m.[39merror(err[33m.[39mstack)[33m;[39m
     [90m    |[39m           [31m[1m^[22m[39m
     [90m 64 |[39m   res[33m.[39mstatus(err[33m.[39mstatus [33m||[39m [35m500[39m)[33m.[39mjson({
     [90m 65 |[39m     error[33m:[39m err[33m.[39mmessage [33m||[39m [32m'Internal Server 
Error'[39m[33m,[39m
     [90m 66 |[39m   })[33m;[39m[0m

      at error (src/app.js:63:11)
      at Layer.handle_error (node_modules/express/lib/router/layer.js:71:5)
      at trim_prefix (node_modules/express/lib/router/index.js:326:13)
      at node_modules/express/lib/router/index.js:286:9
      at Function.process_params (node_modules/express/lib/router/index.js:346:12)
      at next (node_modules/express/lib/router/index.js:280:10)
      at Layer.handle_error (node_modules/express/lib/router/layer.js:67:12)
      at trim_prefix (node_modules/express/lib/router/index.js:326:13)
      at node_modules/express/lib/router/index.js:286:9
      at Function.process_params (node_modules/express/lib/router/index.js:346:12)
      at next (node_modules/express/lib/router/index.js:280:10)
      at node_modules/express/lib/router/index.js:646:15
      at next (node_modules/express/lib/router/index.js:265:14)
      at next (node_modules/express/lib/router/route.js:141:14)
      at next (src/modules/orders/orders.router.js:67:5)

  ΓùÅ Orders API ΓÇö Integration Tests ΓÇ║ POST /api/orders ΓÇ║ should return 400 if items is missing

    expect(jest.fn()).not.toHaveBeenCalled()

    Expected number of calls: 0
    Received number of calls: 1

    1: "SELECT id FROM users WHERE id = ?", [1]

    [0m [90m 125 |[39m       expect(res[33m.[39mstatus)[33m.[39mtoBe([35m400[39m)[33m;[39m
     [90m 126 |[39m       expect(res[33m.[39mbody[33m.[39merror)[33m.[39mtoBe([32m'restaurant_id and items 
are required'[39m)[33m;[39m
    [31m[1m>[22m[39m[90m 127 |[39m       
expect(db[33m.[39mquery)[33m.[39mnot[33m.[39mtoHaveBeenCalled()[33m;[39m
     [90m     |[39m                            [31m[1m^[22m[39m
     [90m 128 |[39m     })[33m;[39m
     [90m 129 |[39m
     [90m 130 |[39m     it([32m'should return 401 if not authenticated'[39m[33m,[39m [36masync[39m () 
[33m=>[39m {[0m

      at Object.toHaveBeenCalled (src/tests/integration/orders.integration.test.js:127:28)

  ΓùÅ Orders API ΓÇö Integration Tests ΓÇ║ GET /api/orders/:id ΓÇ║ should return an order with items for its customer

    expect(received).toBe(expected) // Object.is equality

    Expected: 200
    Received: 403

    [0m [90m 233 |[39m         [33m.[39m[36mset[39m([32m'Authorization'[39m[33m,[39m [32m`Bearer 
${customerToken}`[39m)[33m;[39m
     [90m 234 |[39m
    [31m[1m>[22m[39m[90m 235 |[39m       expect(res[33m.[39mstatus)[33m.[39mtoBe([35m200[39m)[33m;[39m
     [90m     |[39m                          [31m[1m^[22m[39m
     [90m 236 |[39m       expect(res[33m.[39mbody[33m.[39mid)[33m.[39mtoBe([35m101[39m)[33m;[39m
     [90m 237 |[39m       expect(res[33m.[39mbody[33m.[39mitems)[33m.[39mtoHaveLength([35m1[39m)[33m;[39m
     [90m 238 |[39m       
expect(res[33m.[39mbody[33m.[39mitems[[35m0[39m][33m.[39mitem_name)[33m.[39mtoBe([32m'Phß╗ƒ 
b├▓'[39m)[33m;[39m[0m

      at Object.toBe (src/tests/integration/orders.integration.test.js:235:26)

  ΓùÅ Orders API ΓÇö Integration Tests ΓÇ║ GET /api/orders/:id ΓÇ║ should return 404 if the order does not exist

    expect(received).toBe(expected) // Object.is equality

    Expected: 404
    Received: 401

    [0m [90m 250 |[39m         [33m.[39m[36mset[39m([32m'Authorization'[39m[33m,[39m [32m`Bearer 
${customerToken}`[39m)[33m;[39m
     [90m 251 |[39m
    [31m[1m>[22m[39m[90m 252 |[39m       expect(res[33m.[39mstatus)[33m.[39mtoBe([35m404[39m)[33m;[39m
     [90m     |[39m                          [31m[1m^[22m[39m
     [90m 253 |[39m       expect(res[33m.[39mbody[33m.[39merror)[33m.[39mtoBe([32m'Order not 
found'[39m)[33m;[39m
     [90m 254 |[39m     })[33m;[39m
     [90m 255 |[39m[0m

      at Object.toBe (src/tests/integration/orders.integration.test.js:252:26)

  ΓùÅ Orders API ΓÇö Integration Tests ΓÇ║ PATCH /api/orders/:id/status ΓÇ║ should update order status from pending to 
accepted

    expect(received).toBe(expected) // Object.is equality

    Expected: 200
    Received: 404

    [0m [90m 313 |[39m         [33m.[39msend({ status[33m:[39m [32m'accepted'[39m })[33m;[39m
     [90m 314 |[39m
    [31m[1m>[22m[39m[90m 315 |[39m       expect(res[33m.[39mstatus)[33m.[39mtoBe([35m200[39m)[33m;[39m
     [90m     |[39m                          [31m[1m^[22m[39m
     [90m 316 |[39m       expect(res[33m.[39mbody[33m.[39mstatus)[33m.[39mtoBe([32m'accepted'[39m)[33m;[39m
     [90m 317 |[39m     })[33m;[39m
     [90m 318 |[39m[0m

      at Object.toBe (src/tests/integration/orders.integration.test.js:315:26)

  ΓùÅ Orders API ΓÇö Integration Tests ΓÇ║ PATCH /api/orders/:id/status ΓÇ║ should return 400 if status is missing

    expect(received).toBe(expected) // Object.is equality

    Expected: 400
    Received: 401

    [0m [90m 325 |[39m         [33m.[39msend({})[33m;[39m
     [90m 326 |[39m
    [31m[1m>[22m[39m[90m 327 |[39m       expect(res[33m.[39mstatus)[33m.[39mtoBe([35m400[39m)[33m;[39m
     [90m     |[39m                          [31m[1m^[22m[39m
     [90m 328 |[39m       expect(res[33m.[39mbody[33m.[39merror)[33m.[39mtoBe([32m'status is 
required'[39m)[33m;[39m
     [90m 329 |[39m       expect(db[33m.[39mquery)[33m.[39mnot[33m.[39mtoHaveBeenCalled()[33m;[39m
     [90m 330 |[39m     })[33m;[39m[0m

      at Object.toBe (src/tests/integration/orders.integration.test.js:327:26)

FAIL src/modules/flash-sales/flash-sales.test.js
  ΓùÅ Console

    console.error
      Error: DB Error
          at Object.<anonymous> (C:\Users\DINH 
TAO\.gemini\antigravity-ide\scratch\foodiego\backend\src\modules\flash-sales\flash-sales.test.js:33:38)
          at Promise.then.completed (C:\Users\DINH 
TAO\.gemini\antigravity-ide\scratch\foodiego\backend\node_modules\jest-circus\build\utils.js:298:28)
          at new Promise (<anonymous>)
          at callAsyncCircusFn (C:\Users\DINH 
TAO\.gemini\antigravity-ide\scratch\foodiego\backend\node_modules\jest-circus\build\utils.js:231:10)
          at _callCircusTest (C:\Users\DINH 
TAO\.gemini\antigravity-ide\scratch\foodiego\backend\node_modules\jest-circus\build\run.js:316:40)
          at processTicksAndRejections (node:internal/process/task_queues:105:5)
          at _runTest (C:\Users\DINH 
TAO\.gemini\antigravity-ide\scratch\foodiego\backend\node_modules\jest-circus\build\run.js:252:3)
          at _runTestsForDescribeBlock (C:\Users\DINH 
TAO\.gemini\antigravity-ide\scratch\foodiego\backend\node_modules\jest-circus\build\run.js:126:9)
          at _runTestsForDescribeBlock (C:\Users\DINH 
TAO\.gemini\antigravity-ide\scratch\foodiego\backend\node_modules\jest-circus\build\run.js:121:9)
          at _runTestsForDescribeBlock (C:\Users\DINH 
TAO\.gemini\antigravity-ide\scratch\foodiego\backend\node_modules\jest-circus\build\run.js:121:9)
          at run (C:\Users\DINH 
TAO\.gemini\antigravity-ide\scratch\foodiego\backend\node_modules\jest-circus\build\run.js:71:3)
          at runAndTransformResultsToJestFormat (C:\Users\DINH TAO\.gemini\antigravity-ide\scratch\foodiego\backend\nod
e_modules\jest-circus\build\legacy-code-todo-rewrite\jestAdapterInit.js:122:21)
          at jestAdapter (C:\Users\DINH TAO\.gemini\antigravity-ide\scratch\foodiego\backend\node_modules\jest-circus\b
uild\legacy-code-todo-rewrite\jestAdapter.js:79:19)
          at runTestInternal (C:\Users\DINH 
TAO\.gemini\antigravity-ide\scratch\foodiego\backend\node_modules\jest-runner\build\runTest.js:367:16)
          at runTest (C:\Users\DINH 
TAO\.gemini\antigravity-ide\scratch\foodiego\backend\node_modules\jest-runner\build\runTest.js:444:34)

    [0m [90m 61 |[39m app[33m.[39muse((err[33m,[39m _req[33m,[39m res[33m,[39m _next) [33m=>[39m {
     [90m 62 |[39m   [90m// eslint-disable-next-line no-console[39m
    [31m[1m>[22m[39m[90m 63 |[39m   console[33m.[39merror(err[33m.[39mstack)[33m;[39m
     [90m    |[39m           [31m[1m^[22m[39m
     [90m 64 |[39m   res[33m.[39mstatus(err[33m.[39mstatus [33m||[39m [35m500[39m)[33m.[39mjson({
     [90m 65 |[39m     error[33m:[39m err[33m.[39mmessage [33m||[39m [32m'Internal Server 
Error'[39m[33m,[39m
     [90m 66 |[39m   })[33m;[39m[0m

      at error (src/app.js:63:11)
      at Layer.handle_error (node_modules/express/lib/router/layer.js:71:5)
      at trim_prefix (node_modules/express/lib/router/index.js:326:13)
      at node_modules/express/lib/router/index.js:286:9
      at Function.process_params (node_modules/express/lib/router/index.js:346:12)
      at next (node_modules/express/lib/router/index.js:280:10)
      at Layer.handle_error (node_modules/express/lib/router/layer.js:67:12)
      at trim_prefix (node_modules/express/lib/router/index.js:326:13)
      at node_modules/express/lib/router/index.js:286:9
      at Function.process_params (node_modules/express/lib/router/index.js:346:12)
      at next (node_modules/express/lib/router/index.js:280:10)
      at node_modules/express/lib/router/index.js:646:15
      at next (node_modules/express/lib/router/index.js:265:14)
      at next (node_modules/express/lib/router/route.js:141:14)
      at next (src/modules/flash-sales/flash-sales.router.js:32:19)

    console.error
      Error: DB Error
          at Object.<anonymous> (C:\Users\DINH 
TAO\.gemini\antigravity-ide\scratch\foodiego\backend\src\modules\flash-sales\flash-sales.test.js:55:38)
          at Promise.then.completed (C:\Users\DINH 
TAO\.gemini\antigravity-ide\scratch\foodiego\backend\node_modules\jest-circus\build\utils.js:298:28)
          at new Promise (<anonymous>)
          at callAsyncCircusFn (C:\Users\DINH 
TAO\.gemini\antigravity-ide\scratch\foodiego\backend\node_modules\jest-circus\build\utils.js:231:10)
          at _callCircusTest (C:\Users\DINH 
TAO\.gemini\antigravity-ide\scratch\foodiego\backend\node_modules\jest-circus\build\run.js:316:40)
          at processTicksAndRejections (node:internal/process/task_queues:105:5)
          at _runTest (C:\Users\DINH 
TAO\.gemini\antigravity-ide\scratch\foodiego\backend\node_modules\jest-circus\build\run.js:252:3)
          at _runTestsForDescribeBlock (C:\Users\DINH 
TAO\.gemini\antigravity-ide\scratch\foodiego\backend\node_modules\jest-circus\build\run.js:126:9)
          at _runTestsForDescribeBlock (C:\Users\DINH 
TAO\.gemini\antigravity-ide\scratch\foodiego\backend\node_modules\jest-circus\build\run.js:121:9)
          at _runTestsForDescribeBlock (C:\Users\DINH 
TAO\.gemini\antigravity-ide\scratch\foodiego\backend\node_modules\jest-circus\build\run.js:121:9)
          at run (C:\Users\DINH 
TAO\.gemini\antigravity-ide\scratch\foodiego\backend\node_modules\jest-circus\build\run.js:71:3)
          at runAndTransformResultsToJestFormat (C:\Users\DINH TAO\.gemini\antigravity-ide\scratch\foodiego\backend\nod
e_modules\jest-circus\build\legacy-code-todo-rewrite\jestAdapterInit.js:122:21)
          at jestAdapter (C:\Users\DINH TAO\.gemini\antigravity-ide\scratch\foodiego\backend\node_modules\jest-circus\b
uild\legacy-code-todo-rewrite\jestAdapter.js:79:19)
          at runTestInternal (C:\Users\DINH 
TAO\.gemini\antigravity-ide\scratch\foodiego\backend\node_modules\jest-runner\build\runTest.js:367:16)
          at runTest (C:\Users\DINH 
TAO\.gemini\antigravity-ide\scratch\foodiego\backend\node_modules\jest-runner\build\runTest.js:444:34)

    [0m [90m 61 |[39m app[33m.[39muse((err[33m,[39m _req[33m,[39m res[33m,[39m _next) [33m=>[39m {
     [90m 62 |[39m   [90m// eslint-disable-next-line no-console[39m
    [31m[1m>[22m[39m[90m 63 |[39m   console[33m.[39merror(err[33m.[39mstack)[33m;[39m
     [90m    |[39m           [31m[1m^[22m[39m
     [90m 64 |[39m   res[33m.[39mstatus(err[33m.[39mstatus [33m||[39m [35m500[39m)[33m.[39mjson({
     [90m 65 |[39m     error[33m:[39m err[33m.[39mmessage [33m||[39m [32m'Internal Server 
Error'[39m[33m,[39m
     [90m 66 |[39m   })[33m;[39m[0m

      at error (src/app.js:63:11)
      at Layer.handle_error (node_modules/express/lib/router/layer.js:71:5)
      at trim_prefix (node_modules/express/lib/router/index.js:326:13)
      at node_modules/express/lib/router/index.js:286:9
      at Function.process_params (node_modules/express/lib/router/index.js:346:12)
      at next (node_modules/express/lib/router/index.js:280:10)
      at Layer.handle_error (node_modules/express/lib/router/layer.js:67:12)
      at trim_prefix (node_modules/express/lib/router/index.js:326:13)
      at node_modules/express/lib/router/index.js:286:9
      at Function.process_params (node_modules/express/lib/router/index.js:346:12)
      at next (node_modules/express/lib/router/index.js:280:10)
      at node_modules/express/lib/router/index.js:646:15
      at next (node_modules/express/lib/router/index.js:265:14)
      at next (node_modules/express/lib/router/route.js:141:14)
      at next (src/modules/flash-sales/flash-sales.router.js:50:19)

    console.error
      TypeError: Cannot destructure property 'rows' of '(intermediate value)' as it is undefined.
          at result (C:\Users\DINH 
TAO\.gemini\antigravity-ide\scratch\foodiego\backend\src\modules\flash-sales\flash-sales.router.js:81:19)
          at processTicksAndRejections (node:internal/process/task_queues:105:5)

    [0m [90m 61 |[39m app[33m.[39muse((err[33m,[39m _req[33m,[39m res[33m,[39m _next) [33m=>[39m {
     [90m 62 |[39m   [90m// eslint-disable-next-line no-console[39m
    [31m[1m>[22m[39m[90m 63 |[39m   console[33m.[39merror(err[33m.[39mstack)[33m;[39m
     [90m    |[39m           [31m[1m^[22m[39m
     [90m 64 |[39m   res[33m.[39mstatus(err[33m.[39mstatus [33m||[39m [35m500[39m)[33m.[39mjson({
     [90m 65 |[39m     error[33m:[39m err[33m.[39mmessage [33m||[39m [32m'Internal Server 
Error'[39m[33m,[39m
     [90m 66 |[39m   })[33m;[39m[0m

      at error (src/app.js:63:11)
      at Layer.handle_error (node_modules/express/lib/router/layer.js:71:5)
      at trim_prefix (node_modules/express/lib/router/index.js:326:13)
      at node_modules/express/lib/router/index.js:286:9
      at Function.process_params (node_modules/express/lib/router/index.js:346:12)
      at next (node_modules/express/lib/router/index.js:280:10)
      at Layer.handle_error (node_modules/express/lib/router/layer.js:67:12)
      at trim_prefix (node_modules/express/lib/router/index.js:326:13)
      at node_modules/express/lib/router/index.js:286:9
      at Function.process_params (node_modules/express/lib/router/index.js:346:12)
      at next (node_modules/express/lib/router/index.js:280:10)
      at node_modules/express/lib/router/index.js:646:15
      at next (node_modules/express/lib/router/index.js:265:14)
      at next (node_modules/express/lib/router/route.js:141:14)
      at next (src/modules/flash-sales/flash-sales.router.js:96:19)

  ΓùÅ Flash Sales Router ΓÇ║ POST /api/flash-sales ΓÇ║ should create flash sale

    expect(received).toBe(expected) // Object.is equality

    Expected: 201
    Received: 500

    [0m [90m 79 |[39m         })[33m;[39m
     [90m 80 |[39m
    [31m[1m>[22m[39m[90m 81 |[39m       expect(res[33m.[39mstatus)[33m.[39mtoBe([35m201[39m)[33m;[39m
     [90m    |[39m                          [31m[1m^[22m[39m
     [90m 82 |[39m       expect(res[33m.[39mbody[33m.[39msale_price)[33m.[39mtoBe([35m80000[39m)[33m;[39m
     [90m 83 |[39m     })[33m;[39m
     [90m 84 |[39m[0m

      at Object.toBe (src/modules/flash-sales/flash-sales.test.js:81:26)

  ΓùÅ Flash Sales Router ΓÇ║ POST /api/flash-sales ΓÇ║ should throw 400 if missing fields

    expect(received).toBe(expected) // Object.is equality

    Expected: 400
    Received: 401

    [0m [90m 88 |[39m         [33m.[39m[36mset[39m([32m'Authorization'[39m[33m,[39m [32m'Bearer 
token'[39m)
     [90m 89 |[39m         [33m.[39msend({ menu_item_id[33m:[39m [35m2[39m })[33m;[39m
    [31m[1m>[22m[39m[90m 90 |[39m       expect(res[33m.[39mstatus)[33m.[39mtoBe([35m400[39m)[33m;[39m
     [90m    |[39m                          [31m[1m^[22m[39m
     [90m 91 |[39m     })[33m;[39m
     [90m 92 |[39m
     [90m 93 |[39m     it([32m'should throw 400 if invalid discount'[39m[33m,[39m [36masync[39m () 
[33m=>[39m {[0m

      at Object.toBe (src/modules/flash-sales/flash-sales.test.js:90:26)

  ΓùÅ Flash Sales Router ΓÇ║ POST /api/flash-sales ΓÇ║ should throw 400 if invalid discount

    expect(received).toBe(expected) // Object.is equality

    Expected: 400
    Received: 401

    [0m [90m  99 |[39m           start_time[33m:[39m [32m'2026-01-01'[39m[33m,[39m end_time[33m:[39m 
[32m'2026-01-02'[39m
     [90m 100 |[39m         })[33m;[39m
    [31m[1m>[22m[39m[90m 101 |[39m       expect(res[33m.[39mstatus)[33m.[39mtoBe([35m400[39m)[33m;[39m
     [90m     |[39m                          [31m[1m^[22m[39m
     [90m 102 |[39m     })[33m;[39m
     [90m 103 |[39m
     [90m 104 |[39m     it([32m'should throw 400 if end_time <= start_time'[39m[33m,[39m [36masync[39m () 
[33m=>[39m {[0m

      at Object.toBe (src/modules/flash-sales/flash-sales.test.js:101:26)

  ΓùÅ Flash Sales Router ΓÇ║ POST /api/flash-sales ΓÇ║ should throw 400 if end_time <= start_time

    expect(received).toBe(expected) // Object.is equality

    Expected: 400
    Received: 401

    [0m [90m 110 |[39m           start_time[33m:[39m [32m'2026-01-02'[39m[33m,[39m end_time[33m:[39m 
[32m'2026-01-01'[39m
     [90m 111 |[39m         })[33m;[39m
    [31m[1m>[22m[39m[90m 112 |[39m       expect(res[33m.[39mstatus)[33m.[39mtoBe([35m400[39m)[33m;[39m
     [90m     |[39m                          [31m[1m^[22m[39m
     [90m 113 |[39m     })[33m;[39m
     [90m 114 |[39m
     [90m 115 |[39m     it([32m'should throw 404 if menu item not found'[39m[33m,[39m [36masync[39m () 
[33m=>[39m {[0m

      at Object.toBe (src/modules/flash-sales/flash-sales.test.js:112:26)

  ΓùÅ Flash Sales Router ΓÇ║ POST /api/flash-sales ΓÇ║ should throw 404 if menu item not found

    expect(received).toBe(expected) // Object.is equality

    Expected: 404
    Received: 401

    [0m [90m 123 |[39m           start_time[33m:[39m [32m'2026-01-01'[39m[33m,[39m end_time[33m:[39m 
[32m'2026-01-02'[39m
     [90m 124 |[39m         })[33m;[39m
    [31m[1m>[22m[39m[90m 125 |[39m       expect(res[33m.[39mstatus)[33m.[39mtoBe([35m404[39m)[33m;[39m
     [90m     |[39m                          [31m[1m^[22m[39m
     [90m 126 |[39m     })[33m;[39m
     [90m 127 |[39m
     [90m 128 |[39m     it([32m'should handle errors'[39m[33m,[39m [36masync[39m () [33m=>[39m {[0m

      at Object.toBe (src/modules/flash-sales/flash-sales.test.js:125:26)

  ΓùÅ Flash Sales Router ΓÇ║ POST /api/flash-sales ΓÇ║ should handle errors

    expect(received).toBe(expected) // Object.is equality

    Expected: 500
    Received: 401

    [0m [90m 136 |[39m           end_time[33m:[39m [32m'2026-01-02T00:00:00Z'[39m
     [90m 137 |[39m         })[33m;[39m
    [31m[1m>[22m[39m[90m 138 |[39m       expect(res[33m.[39mstatus)[33m.[39mtoBe([35m500[39m)[33m;[39m
     [90m     |[39m                          [31m[1m^[22m[39m
     [90m 139 |[39m     })[33m;[39m
     [90m 140 |[39m   })[33m;[39m
     [90m 141 |[39m[0m

      at Object.toBe (src/modules/flash-sales/flash-sales.test.js:138:26)

  ΓùÅ Flash Sales Router ΓÇ║ DELETE /api/flash-sales/:id ΓÇ║ should delete flash sale

    expect(received).toBe(expected) // Object.is equality

    Expected: 204
    Received: 401

    [0m [90m 150 |[39m         [33m.[39m[36mdelete[39m([32m'/api/flash-sales/1'[39m)
     [90m 151 |[39m         [33m.[39m[36mset[39m([32m'Authorization'[39m[33m,[39m [32m'Bearer 
token'[39m)[33m;[39m
    [31m[1m>[22m[39m[90m 152 |[39m       expect(res[33m.[39mstatus)[33m.[39mtoBe([35m204[39m)[33m;[39m
     [90m     |[39m                          [31m[1m^[22m[39m
     [90m 153 |[39m     })[33m;[39m
     [90m 154 |[39m
     [90m 155 |[39m     it([32m'should handle errors'[39m[33m,[39m [36masync[39m () [33m=>[39m {[0m

      at Object.toBe (src/modules/flash-sales/flash-sales.test.js:152:26)

  ΓùÅ Flash Sales Router ΓÇ║ DELETE /api/flash-sales/:id ΓÇ║ should handle errors

    expect(received).toBe(expected) // Object.is equality

    Expected: 500
    Received: 401

    [0m [90m 158 |[39m         [33m.[39m[36mdelete[39m([32m'/api/flash-sales/1'[39m)
     [90m 159 |[39m         [33m.[39m[36mset[39m([32m'Authorization'[39m[33m,[39m [32m'Bearer 
token'[39m)[33m;[39m
    [31m[1m>[22m[39m[90m 160 |[39m       expect(res[33m.[39mstatus)[33m.[39mtoBe([35m500[39m)[33m;[39m
     [90m     |[39m                          [31m[1m^[22m[39m
     [90m 161 |[39m     })[33m;[39m
     [90m 162 |[39m   })[33m;[39m
     [90m 163 |[39m })[33m;[39m[0m

      at Object.toBe (src/modules/flash-sales/flash-sales.test.js:160:26)

FAIL src/modules/loyalty/loyalty.test.js
  ΓùÅ Console

    console.error
      TypeError: Cannot destructure property 'rows' of '(intermediate value)' as it is undefined.
          at rows (C:\Users\DINH 
TAO\.gemini\antigravity-ide\scratch\foodiego\backend\src\modules\loyalty\loyalty.router.js:19:13)

    [0m [90m 61 |[39m app[33m.[39muse((err[33m,[39m _req[33m,[39m res[33m,[39m _next) [33m=>[39m {
     [90m 62 |[39m   [90m// eslint-disable-next-line no-console[39m
    [31m[1m>[22m[39m[90m 63 |[39m   console[33m.[39merror(err[33m.[39mstack)[33m;[39m
     [90m    |[39m           [31m[1m^[22m[39m
     [90m 64 |[39m   res[33m.[39mstatus(err[33m.[39mstatus [33m||[39m [35m500[39m)[33m.[39mjson({
     [90m 65 |[39m     error[33m:[39m err[33m.[39mmessage [33m||[39m [32m'Internal Server 
Error'[39m[33m,[39m
     [90m 66 |[39m   })[33m;[39m[0m

      at error (src/app.js:63:11)
      at Layer.handle_error (node_modules/express/lib/router/layer.js:71:5)
      at trim_prefix (node_modules/express/lib/router/index.js:326:13)
      at node_modules/express/lib/router/index.js:286:9
      at Function.process_params (node_modules/express/lib/router/index.js:346:12)
      at next (node_modules/express/lib/router/index.js:280:10)
      at Layer.handle_error (node_modules/express/lib/router/layer.js:67:12)
      at trim_prefix (node_modules/express/lib/router/index.js:326:13)
      at node_modules/express/lib/router/index.js:286:9
      at Function.process_params (node_modules/express/lib/router/index.js:346:12)
      at next (node_modules/express/lib/router/index.js:280:10)
      at node_modules/express/lib/router/index.js:646:15
      at next (node_modules/express/lib/router/index.js:265:14)
      at next (node_modules/express/lib/router/route.js:141:14)
      at next (src/modules/loyalty/loyalty.router.js:44:19)

    console.error
      TypeError: Cannot destructure property 'rows' of '(intermediate value)' as it is undefined.
          at rows (C:\Users\DINH 
TAO\.gemini\antigravity-ide\scratch\foodiego\backend\src\modules\loyalty\loyalty.router.js:19:13)

    [0m [90m 61 |[39m app[33m.[39muse((err[33m,[39m _req[33m,[39m res[33m,[39m _next) [33m=>[39m {
     [90m 62 |[39m   [90m// eslint-disable-next-line no-console[39m
    [31m[1m>[22m[39m[90m 63 |[39m   console[33m.[39merror(err[33m.[39mstack)[33m;[39m
     [90m    |[39m           [31m[1m^[22m[39m
     [90m 64 |[39m   res[33m.[39mstatus(err[33m.[39mstatus [33m||[39m [35m500[39m)[33m.[39mjson({
     [90m 65 |[39m     error[33m:[39m err[33m.[39mmessage [33m||[39m [32m'Internal Server 
Error'[39m[33m,[39m
     [90m 66 |[39m   })[33m;[39m[0m

      at error (src/app.js:63:11)
      at Layer.handle_error (node_modules/express/lib/router/layer.js:71:5)
      at trim_prefix (node_modules/express/lib/router/index.js:326:13)
      at node_modules/express/lib/router/index.js:286:9
      at Function.process_params (node_modules/express/lib/router/index.js:346:12)
      at next (node_modules/express/lib/router/index.js:280:10)
      at Layer.handle_error (node_modules/express/lib/router/layer.js:67:12)
      at trim_prefix (node_modules/express/lib/router/index.js:326:13)
      at node_modules/express/lib/router/index.js:286:9
      at Function.process_params (node_modules/express/lib/router/index.js:346:12)
      at next (node_modules/express/lib/router/index.js:280:10)
      at node_modules/express/lib/router/index.js:646:15
      at next (node_modules/express/lib/router/index.js:265:14)
      at next (node_modules/express/lib/router/route.js:141:14)
      at next (src/modules/loyalty/loyalty.router.js:44:19)

    console.error
      TypeError: Cannot destructure property 'rows' of '(intermediate value)' as it is undefined.
          at rows (C:\Users\DINH 
TAO\.gemini\antigravity-ide\scratch\foodiego\backend\src\modules\loyalty\loyalty.router.js:19:13)

    [0m [90m 61 |[39m app[33m.[39muse((err[33m,[39m _req[33m,[39m res[33m,[39m _next) [33m=>[39m {
     [90m 62 |[39m   [90m// eslint-disable-next-line no-console[39m
    [31m[1m>[22m[39m[90m 63 |[39m   console[33m.[39merror(err[33m.[39mstack)[33m;[39m
     [90m    |[39m           [31m[1m^[22m[39m
     [90m 64 |[39m   res[33m.[39mstatus(err[33m.[39mstatus [33m||[39m [35m500[39m)[33m.[39mjson({
     [90m 65 |[39m     error[33m:[39m err[33m.[39mmessage [33m||[39m [32m'Internal Server 
Error'[39m[33m,[39m
     [90m 66 |[39m   })[33m;[39m[0m

      at error (src/app.js:63:11)
      at Layer.handle_error (node_modules/express/lib/router/layer.js:71:5)
      at trim_prefix (node_modules/express/lib/router/index.js:326:13)
      at node_modules/express/lib/router/index.js:286:9
      at Function.process_params (node_modules/express/lib/router/index.js:346:12)
      at next (node_modules/express/lib/router/index.js:280:10)
      at Layer.handle_error (node_modules/express/lib/router/layer.js:67:12)
      at trim_prefix (node_modules/express/lib/router/index.js:326:13)
      at node_modules/express/lib/router/index.js:286:9
      at Function.process_params (node_modules/express/lib/router/index.js:346:12)
      at next (node_modules/express/lib/router/index.js:280:10)
      at node_modules/express/lib/router/index.js:646:15
      at next (node_modules/express/lib/router/index.js:265:14)
      at next (node_modules/express/lib/router/route.js:141:14)
      at next (src/modules/loyalty/loyalty.router.js:44:19)

    console.error
      TypeError: Cannot destructure property 'rows' of '(intermediate value)' as it is undefined.
          at rows (C:\Users\DINH 
TAO\.gemini\antigravity-ide\scratch\foodiego\backend\src\modules\loyalty\loyalty.router.js:19:13)

    [0m [90m 61 |[39m app[33m.[39muse((err[33m,[39m _req[33m,[39m res[33m,[39m _next) [33m=>[39m {
     [90m 62 |[39m   [90m// eslint-disable-next-line no-console[39m
    [31m[1m>[22m[39m[90m 63 |[39m   console[33m.[39merror(err[33m.[39mstack)[33m;[39m
     [90m    |[39m           [31m[1m^[22m[39m
     [90m 64 |[39m   res[33m.[39mstatus(err[33m.[39mstatus [33m||[39m [35m500[39m)[33m.[39mjson({
     [90m 65 |[39m     error[33m:[39m err[33m.[39mmessage [33m||[39m [32m'Internal Server 
Error'[39m[33m,[39m
     [90m 66 |[39m   })[33m;[39m[0m

      at error (src/app.js:63:11)
      at Layer.handle_error (node_modules/express/lib/router/layer.js:71:5)
      at trim_prefix (node_modules/express/lib/router/index.js:326:13)
      at node_modules/express/lib/router/index.js:286:9
      at Function.process_params (node_modules/express/lib/router/index.js:346:12)
      at next (node_modules/express/lib/router/index.js:280:10)
      at Layer.handle_error (node_modules/express/lib/router/layer.js:67:12)
      at trim_prefix (node_modules/express/lib/router/index.js:326:13)
      at node_modules/express/lib/router/index.js:286:9
      at Function.process_params (node_modules/express/lib/router/index.js:346:12)
      at next (node_modules/express/lib/router/index.js:280:10)
      at node_modules/express/lib/router/index.js:646:15
      at next (node_modules/express/lib/router/index.js:265:14)
      at next (node_modules/express/lib/router/route.js:141:14)
      at next (src/modules/loyalty/loyalty.router.js:44:19)

    console.error
      TypeError: Cannot destructure property 'rows' of '(intermediate value)' as it is undefined.
          at rows (C:\Users\DINH 
TAO\.gemini\antigravity-ide\scratch\foodiego\backend\src\modules\loyalty\loyalty.router.js:53:13)

    [0m [90m 61 |[39m app[33m.[39muse((err[33m,[39m _req[33m,[39m res[33m,[39m _next) [33m=>[39m {
     [90m 62 |[39m   [90m// eslint-disable-next-line no-console[39m
    [31m[1m>[22m[39m[90m 63 |[39m   console[33m.[39merror(err[33m.[39mstack)[33m;[39m
     [90m    |[39m           [31m[1m^[22m[39m
     [90m 64 |[39m   res[33m.[39mstatus(err[33m.[39mstatus [33m||[39m [35m500[39m)[33m.[39mjson({
     [90m 65 |[39m     error[33m:[39m err[33m.[39mmessage [33m||[39m [32m'Internal Server 
Error'[39m[33m,[39m
     [90m 66 |[39m   })[33m;[39m[0m

      at error (src/app.js:63:11)
      at Layer.handle_error (node_modules/express/lib/router/layer.js:71:5)
      at trim_prefix (node_modules/express/lib/router/index.js:326:13)
      at node_modules/express/lib/router/index.js:286:9
      at Function.process_params (node_modules/express/lib/router/index.js:346:12)
      at next (node_modules/express/lib/router/index.js:280:10)
      at Layer.handle_error (node_modules/express/lib/router/layer.js:67:12)
      at trim_prefix (node_modules/express/lib/router/index.js:326:13)
      at node_modules/express/lib/router/index.js:286:9
      at Function.process_params (node_modules/express/lib/router/index.js:346:12)
      at next (node_modules/express/lib/router/index.js:280:10)
      at node_modules/express/lib/router/index.js:646:15
      at next (node_modules/express/lib/router/index.js:265:14)
      at next (node_modules/express/lib/router/route.js:141:14)
      at next (src/modules/loyalty/loyalty.router.js:58:19)

    console.error
      TypeError: Cannot destructure property 'rows' of '(intermediate value)' as it is undefined.
          at rows (C:\Users\DINH 
TAO\.gemini\antigravity-ide\scratch\foodiego\backend\src\modules\loyalty\loyalty.router.js:76:13)
          at processTicksAndRejections (node:internal/process/task_queues:105:5)

    [0m [90m 61 |[39m app[33m.[39muse((err[33m,[39m _req[33m,[39m res[33m,[39m _next) [33m=>[39m {
     [90m 62 |[39m   [90m// eslint-disable-next-line no-console[39m
    [31m[1m>[22m[39m[90m 63 |[39m   console[33m.[39merror(err[33m.[39mstack)[33m;[39m
     [90m    |[39m           [31m[1m^[22m[39m
     [90m 64 |[39m   res[33m.[39mstatus(err[33m.[39mstatus [33m||[39m [35m500[39m)[33m.[39mjson({
     [90m 65 |[39m     error[33m:[39m err[33m.[39mmessage [33m||[39m [32m'Internal Server 
Error'[39m[33m,[39m
     [90m 66 |[39m   })[33m;[39m[0m

      at error (src/app.js:63:11)
      at Layer.handle_error (node_modules/express/lib/router/layer.js:71:5)
      at trim_prefix (node_modules/express/lib/router/index.js:326:13)
      at node_modules/express/lib/router/index.js:286:9
      at Function.process_params (node_modules/express/lib/router/index.js:346:12)
      at next (node_modules/express/lib/router/index.js:280:10)
      at Layer.handle_error (node_modules/express/lib/router/layer.js:67:12)
      at trim_prefix (node_modules/express/lib/router/index.js:326:13)
      at node_modules/express/lib/router/index.js:286:9
      at Function.process_params (node_modules/express/lib/router/index.js:346:12)
      at Immediate.next (node_modules/express/lib/router/index.js:280:10)
      at Immediate._onImmediate (node_modules/express/lib/router/index.js:646:15)

    console.error
      TypeError: Cannot read properties of undefined (reading 'total')
          at total (C:\Users\DINH 
TAO\.gemini\antigravity-ide\scratch\foodiego\backend\src\modules\loyalty\loyalty.router.js:80:48)
          at processTicksAndRejections (node:internal/process/task_queues:105:5)

    [0m [90m 61 |[39m app[33m.[39muse((err[33m,[39m _req[33m,[39m res[33m,[39m _next) [33m=>[39m {
     [90m 62 |[39m   [90m// eslint-disable-next-line no-console[39m
    [31m[1m>[22m[39m[90m 63 |[39m   console[33m.[39merror(err[33m.[39mstack)[33m;[39m
     [90m    |[39m           [31m[1m^[22m[39m
     [90m 64 |[39m   res[33m.[39mstatus(err[33m.[39mstatus [33m||[39m [35m500[39m)[33m.[39mjson({
     [90m 65 |[39m     error[33m:[39m err[33m.[39mmessage [33m||[39m [32m'Internal Server 
Error'[39m[33m,[39m
     [90m 66 |[39m   })[33m;[39m[0m

      at error (src/app.js:63:11)
      at Layer.handle_error (node_modules/express/lib/router/layer.js:71:5)
      at trim_prefix (node_modules/express/lib/router/index.js:326:13)
      at node_modules/express/lib/router/index.js:286:9
      at Function.process_params (node_modules/express/lib/router/index.js:346:12)
      at next (node_modules/express/lib/router/index.js:280:10)
      at Layer.handle_error (node_modules/express/lib/router/layer.js:67:12)
      at trim_prefix (node_modules/express/lib/router/index.js:326:13)
      at node_modules/express/lib/router/index.js:286:9
      at Function.process_params (node_modules/express/lib/router/index.js:346:12)
      at Immediate.next (node_modules/express/lib/router/index.js:280:10)
      at Immediate._onImmediate (node_modules/express/lib/router/index.js:646:15)

    console.error
      [Loyalty] earnPoints error: DB Error

    [0m [90m 114 |[39m   } [36mcatch[39m (e) {
     [90m 115 |[39m     [90m// eslint-disable-next-line no-console[39m
    [31m[1m>[22m[39m[90m 116 |[39m     console[33m.[39merror([32m'[Loyalty] earnPoints 
error:'[39m[33m,[39m e[33m.[39mmessage)[33m;[39m
     [90m     |[39m             [31m[1m^[22m[39m
     [90m 117 |[39m   }
     [90m 118 |[39m }
     [90m 119 |[39m[0m

      at error (src/modules/loyalty/loyalty.router.js:116:13)
      at Object.<anonymous> (src/modules/loyalty/loyalty.test.js:122:7)

  ΓùÅ Loyalty Router ΓÇ║ GET /api/loyalty/balance ΓÇ║ should return balance and tier Dong

    expect(received).toBe(expected) // Object.is equality

    Expected: 200
    Received: 500

    [0m [90m 22 |[39m       db[33m.[39mquery[33m.[39mmockResolvedValueOnce({ rows[33m:[39m [{ 
total[33m:[39m [32m'100'[39m }] })[33m;[39m
     [90m 23 |[39m       [36mconst[39m res [33m=[39m [36mawait[39m request(app)[33m.[39m[36mget[39m([32m'/
api/loyalty/balance'[39m)[33m.[39m[36mset[39m([32m'Authorization'[39m[33m,[39m [32m'Bearer 
token'[39m)[33m;[39m
    [31m[1m>[22m[39m[90m 24 |[39m       expect(res[33m.[39mstatus)[33m.[39mtoBe([35m200[39m)[33m;[39m
     [90m    |[39m                          [31m[1m^[22m[39m
     [90m 25 |[39m       expect(res[33m.[39mbody[33m.[39mpoints)[33m.[39mtoBe([35m100[39m)[33m;[39m
     [90m 26 |[39m       expect(res[33m.[39mbody[33m.[39mtier)[33m.[39mtoBe([32m'─Éß╗ông'[39m)[33m;[39m
     [90m 27 |[39m     })[33m;[39m[0m

      at Object.toBe (src/modules/loyalty/loyalty.test.js:24:26)

  ΓùÅ Loyalty Router ΓÇ║ GET /api/loyalty/balance ΓÇ║ should return balance and tier Bac

    expect(received).toBe(expected) // Object.is equality

    Expected: 200
    Received: 500

    [0m [90m 30 |[39m       db[33m.[39mquery[33m.[39mmockResolvedValueOnce({ rows[33m:[39m [{ 
total[33m:[39m [32m'1500'[39m }] })[33m;[39m
     [90m 31 |[39m       [36mconst[39m res [33m=[39m [36mawait[39m request(app)[33m.[39m[36mget[39m([32m'/
api/loyalty/balance'[39m)[33m.[39m[36mset[39m([32m'Authorization'[39m[33m,[39m [32m'Bearer 
token'[39m)[33m;[39m
    [31m[1m>[22m[39m[90m 32 |[39m       expect(res[33m.[39mstatus)[33m.[39mtoBe([35m200[39m)[33m;[39m
     [90m    |[39m                          [31m[1m^[22m[39m
     [90m 33 |[39m       expect(res[33m.[39mbody[33m.[39mpoints)[33m.[39mtoBe([35m1500[39m)[33m;[39m
     [90m 34 |[39m       expect(res[33m.[39mbody[33m.[39mtier)[33m.[39mtoBe([32m'Bß║íc'[39m)[33m;[39m
     [90m 35 |[39m     })[33m;[39m[0m

      at Object.toBe (src/modules/loyalty/loyalty.test.js:32:26)

  ΓùÅ Loyalty Router ΓÇ║ GET /api/loyalty/balance ΓÇ║ should return balance and tier Vang

    expect(received).toBe(expected) // Object.is equality

    Expected: 200
    Received: 500

    [0m [90m 38 |[39m       db[33m.[39mquery[33m.[39mmockResolvedValueOnce({ rows[33m:[39m [{ 
total[33m:[39m [32m'3000'[39m }] })[33m;[39m
     [90m 39 |[39m       [36mconst[39m res [33m=[39m [36mawait[39m request(app)[33m.[39m[36mget[39m([32m'/
api/loyalty/balance'[39m)[33m.[39m[36mset[39m([32m'Authorization'[39m[33m,[39m [32m'Bearer 
token'[39m)[33m;[39m
    [31m[1m>[22m[39m[90m 40 |[39m       expect(res[33m.[39mstatus)[33m.[39mtoBe([35m200[39m)[33m;[39m
     [90m    |[39m                          [31m[1m^[22m[39m
     [90m 41 |[39m       expect(res[33m.[39mbody[33m.[39mpoints)[33m.[39mtoBe([35m3000[39m)[33m;[39m
     [90m 42 |[39m       expect(res[33m.[39mbody[33m.[39mtier)[33m.[39mtoBe([32m'V├áng'[39m)[33m;[39m
     [90m 43 |[39m     })[33m;[39m[0m

      at Object.toBe (src/modules/loyalty/loyalty.test.js:40:26)

  ΓùÅ Loyalty Router ΓÇ║ GET /api/loyalty/balance ΓÇ║ should return balance and tier Kim cuong

    expect(received).toBe(expected) // Object.is equality

    Expected: 200
    Received: 500

    [0m [90m 46 |[39m       db[33m.[39mquery[33m.[39mmockResolvedValueOnce({ rows[33m:[39m [{ 
total[33m:[39m [32m'6000'[39m }] })[33m;[39m
     [90m 47 |[39m       [36mconst[39m res [33m=[39m [36mawait[39m request(app)[33m.[39m[36mget[39m([32m'/
api/loyalty/balance'[39m)[33m.[39m[36mset[39m([32m'Authorization'[39m[33m,[39m [32m'Bearer 
token'[39m)[33m;[39m
    [31m[1m>[22m[39m[90m 48 |[39m       expect(res[33m.[39mstatus)[33m.[39mtoBe([35m200[39m)[33m;[39m
     [90m    |[39m                          [31m[1m^[22m[39m
     [90m 49 |[39m       expect(res[33m.[39mbody[33m.[39mpoints)[33m.[39mtoBe([35m6000[39m)[33m;[39m
     [90m 50 |[39m       expect(res[33m.[39mbody[33m.[39mtier)[33m.[39mtoBe([32m'Kim c╞░╞íng'[39m)[33m;[39m
     [90m 51 |[39m     })[33m;[39m[0m

      at Object.toBe (src/modules/loyalty/loyalty.test.js:48:26)

  ΓùÅ Loyalty Router ΓÇ║ GET /api/loyalty/balance ΓÇ║ should handle db error

    expect(received).toBe(expected) // Object.is equality

    Expected: 500
    Received: 401

    [0m [90m 54 |[39m       db[33m.[39mquery[33m.[39mmockRejectedValueOnce([36mnew[39m 
[33mError[39m([32m'DB Error'[39m))[33m;[39m
     [90m 55 |[39m       [36mconst[39m res [33m=[39m [36mawait[39m request(app)[33m.[39m[36mget[39m([32m'/
api/loyalty/balance'[39m)[33m.[39m[36mset[39m([32m'Authorization'[39m[33m,[39m [32m'Bearer 
token'[39m)[33m;[39m
    [31m[1m>[22m[39m[90m 56 |[39m       expect(res[33m.[39mstatus)[33m.[39mtoBe([35m500[39m)[33m;[39m
     [90m    |[39m                          [31m[1m^[22m[39m
     [90m 57 |[39m     })[33m;[39m
     [90m 58 |[39m   })[33m;[39m
     [90m 59 |[39m[0m

      at Object.toBe (src/modules/loyalty/loyalty.test.js:56:26)

  ΓùÅ Loyalty Router ΓÇ║ GET /api/loyalty/history ΓÇ║ should return history

    expect(received).toBe(expected) // Object.is equality

    Expected: 200
    Received: 500

    [0m [90m 62 |[39m       db[33m.[39mquery[33m.[39mmockResolvedValueOnce({ rows[33m:[39m [{ 
points[33m:[39m [35m100[39m }] })[33m;[39m
     [90m 63 |[39m       [36mconst[39m res [33m=[39m [36mawait[39m request(app)[33m.[39m[36mget[39m([32m'/
api/loyalty/history'[39m)[33m.[39m[36mset[39m([32m'Authorization'[39m[33m,[39m [32m'Bearer 
token'[39m)[33m;[39m
    [31m[1m>[22m[39m[90m 64 |[39m       expect(res[33m.[39mstatus)[33m.[39mtoBe([35m200[39m)[33m;[39m
     [90m    |[39m                          [31m[1m^[22m[39m
     [90m 65 |[39m       expect(res[33m.[39mbody)[33m.[39mtoHaveLength([35m1[39m)[33m;[39m
     [90m 66 |[39m     })[33m;[39m
     [90m 67 |[39m[0m

      at Object.toBe (src/modules/loyalty/loyalty.test.js:64:26)

  ΓùÅ Loyalty Router ΓÇ║ GET /api/loyalty/history ΓÇ║ should handle error

    expect(received).toBe(expected) // Object.is equality

    Expected: 500
    Received: 401

    [0m [90m 69 |[39m       db[33m.[39mquery[33m.[39mmockRejectedValueOnce([36mnew[39m 
[33mError[39m([32m'DB Error'[39m))[33m;[39m
     [90m 70 |[39m       [36mconst[39m res [33m=[39m [36mawait[39m request(app)[33m.[39m[36mget[39m([32m'/
api/loyalty/history'[39m)[33m.[39m[36mset[39m([32m'Authorization'[39m[33m,[39m [32m'Bearer 
token'[39m)[33m;[39m
    [31m[1m>[22m[39m[90m 71 |[39m       expect(res[33m.[39mstatus)[33m.[39mtoBe([35m500[39m)[33m;[39m
     [90m    |[39m                          [31m[1m^[22m[39m
     [90m 72 |[39m     })[33m;[39m
     [90m 73 |[39m   })[33m;[39m
     [90m 74 |[39m[0m

      at Object.toBe (src/modules/loyalty/loyalty.test.js:71:26)

  ΓùÅ Loyalty Router ΓÇ║ POST /api/loyalty/redeem ΓÇ║ should throw 400 if points < 100

    expect(received).toBe(expected) // Object.is equality

    Expected: 400
    Received: 401

    [0m [90m 76 |[39m     it([32m'should throw 400 if points < 100'[39m[33m,[39m [36masync[39m () 
[33m=>[39m {
     [90m 77 |[39m       [36mconst[39m res [33m=[39m [36mawait[39m request(app)[33m.[39mpost([32m'/api/loyal
ty/redeem'[39m)[33m.[39m[36mset[39m([32m'Authorization'[39m[33m,[39m [32m'Bearer 
token'[39m)[33m.[39msend({ points[33m:[39m [35m50[39m })[33m;[39m
    [31m[1m>[22m[39m[90m 78 |[39m       expect(res[33m.[39mstatus)[33m.[39mtoBe([35m400[39m)[33m;[39m
     [90m    |[39m                          [31m[1m^[22m[39m
     [90m 79 |[39m     })[33m;[39m
     [90m 80 |[39m
     [90m 81 |[39m     it([32m'should throw 400 if insufficient balance'[39m[33m,[39m [36masync[39m () 
[33m=>[39m {[0m

      at Object.toBe (src/modules/loyalty/loyalty.test.js:78:26)

  ΓùÅ Loyalty Router ΓÇ║ POST /api/loyalty/redeem ΓÇ║ should throw 400 if insufficient balance

    expect(received).toBe(expected) // Object.is equality

    Expected: 400
    Received: 500

    [0m [90m 82 |[39m       db[33m.[39mquery[33m.[39mmockResolvedValueOnce({ rows[33m:[39m [{ 
total[33m:[39m [32m'50'[39m }] })[33m;[39m
     [90m 83 |[39m       [36mconst[39m res [33m=[39m [36mawait[39m request(app)[33m.[39mpost([32m'/api/loyal
ty/redeem'[39m)[33m.[39m[36mset[39m([32m'Authorization'[39m[33m,[39m [32m'Bearer 
token'[39m)[33m.[39msend({ points[33m:[39m [35m100[39m })[33m;[39m
    [31m[1m>[22m[39m[90m 84 |[39m       expect(res[33m.[39mstatus)[33m.[39mtoBe([35m400[39m)[33m;[39m
     [90m    |[39m                          [31m[1m^[22m[39m
     [90m 85 |[39m     })[33m;[39m
     [90m 86 |[39m
     [90m 87 |[39m     it([32m'should redeem points'[39m[33m,[39m [36masync[39m () [33m=>[39m {[0m

      at Object.toBe (src/modules/loyalty/loyalty.test.js:84:26)

  ΓùÅ Loyalty Router ΓÇ║ POST /api/loyalty/redeem ΓÇ║ should redeem points

    expect(received).toBe(expected) // Object.is equality

    Expected: 200
    Received: 500

    [0m [90m 91 |[39m
     [90m 92 |[39m       [36mconst[39m res [33m=[39m [36mawait[39m request(app)[33m.[39mpost([32m'/api/loyal
ty/redeem'[39m)[33m.[39m[36mset[39m([32m'Authorization'[39m[33m,[39m [32m'Bearer 
token'[39m)[33m.[39msend({ points[33m:[39m [35m200[39m })[33m;[39m
    [31m[1m>[22m[39m[90m 93 |[39m       expect(res[33m.[39mstatus)[33m.[39mtoBe([35m200[39m)[33m;[39m
     [90m    |[39m                          [31m[1m^[22m[39m
     [90m 94 |[39m       
expect(res[33m.[39mbody[33m.[39mdiscount_amount)[33m.[39mtoBe([35m20000[39m)[33m;[39m
     [90m 95 |[39m       
expect(res[33m.[39mbody[33m.[39mremaining_points)[33m.[39mtoBe([35m300[39m)[33m;[39m
     [90m 96 |[39m     })[33m;[39m[0m

      at Object.toBe (src/modules/loyalty/loyalty.test.js:93:26)

  ΓùÅ Loyalty Router ΓÇ║ POST /api/loyalty/redeem ΓÇ║ should handle error

    expect(received).toBe(expected) // Object.is equality

    Expected: 500
    Received: 401

    [0m [90m  99 |[39m       db[33m.[39mquery[33m.[39mmockRejectedValueOnce([36mnew[39m 
[33mError[39m([32m'DB Error'[39m))[33m;[39m
     [90m 100 |[39m       [36mconst[39m res [33m=[39m [36mawait[39m request(app)[33m.[39mpost([32m'/api/loya
lty/redeem'[39m)[33m.[39m[36mset[39m([32m'Authorization'[39m[33m,[39m [32m'Bearer 
token'[39m)[33m.[39msend({ points[33m:[39m [35m200[39m })[33m;[39m
    [31m[1m>[22m[39m[90m 101 |[39m       expect(res[33m.[39mstatus)[33m.[39mtoBe([35m500[39m)[33m;[39m
     [90m     |[39m                          [31m[1m^[22m[39m
     [90m 102 |[39m     })[33m;[39m
     [90m 103 |[39m   })[33m;[39m
     [90m 104 |[39m[0m

      at Object.toBe (src/modules/loyalty/loyalty.test.js:101:26)

FAIL src/modules/admin/admin.test.js
  ΓùÅ Console

    console.error
      TypeError: Cannot read properties of undefined (reading 'rows')
          at daily7d (C:\Users\DINH 
TAO\.gemini\antigravity-ide\scratch\foodiego\backend\src\modules\admin\admin.router.js:19:15)

    [0m [90m 61 |[39m app[33m.[39muse((err[33m,[39m _req[33m,[39m res[33m,[39m _next) [33m=>[39m {
     [90m 62 |[39m   [90m// eslint-disable-next-line no-console[39m
    [31m[1m>[22m[39m[90m 63 |[39m   console[33m.[39merror(err[33m.[39mstack)[33m;[39m
     [90m    |[39m           [31m[1m^[22m[39m
     [90m 64 |[39m   res[33m.[39mstatus(err[33m.[39mstatus [33m||[39m [35m500[39m)[33m.[39mjson({
     [90m 65 |[39m     error[33m:[39m err[33m.[39mmessage [33m||[39m [32m'Internal Server 
Error'[39m[33m,[39m
     [90m 66 |[39m   })[33m;[39m[0m

      at error (src/app.js:63:11)
      at Layer.handle_error (node_modules/express/lib/router/layer.js:71:5)
      at trim_prefix (node_modules/express/lib/router/index.js:326:13)
      at node_modules/express/lib/router/index.js:286:9
      at Function.process_params (node_modules/express/lib/router/index.js:346:12)
      at next (node_modules/express/lib/router/index.js:280:10)
      at Layer.handle_error (node_modules/express/lib/router/layer.js:67:12)
      at trim_prefix (node_modules/express/lib/router/index.js:326:13)
      at node_modules/express/lib/router/index.js:286:9
      at Function.process_params (node_modules/express/lib/router/index.js:346:12)
      at next (node_modules/express/lib/router/index.js:280:10)
      at node_modules/express/lib/router/index.js:646:15
      at next (node_modules/express/lib/router/index.js:265:14)
      at next (node_modules/express/lib/router/route.js:141:14)
      at next (src/modules/admin/admin.router.js:40:19)

    console.error
      TypeError: Cannot destructure property 'rows' of '(intermediate value)' as it is undefined.
          at rows (C:\Users\DINH 
TAO\.gemini\antigravity-ide\scratch\foodiego\backend\src\modules\admin\admin.router.js:49:13)

    [0m [90m 61 |[39m app[33m.[39muse((err[33m,[39m _req[33m,[39m res[33m,[39m _next) [33m=>[39m {
     [90m 62 |[39m   [90m// eslint-disable-next-line no-console[39m
    [31m[1m>[22m[39m[90m 63 |[39m   console[33m.[39merror(err[33m.[39mstack)[33m;[39m
     [90m    |[39m           [31m[1m^[22m[39m
     [90m 64 |[39m   res[33m.[39mstatus(err[33m.[39mstatus [33m||[39m [35m500[39m)[33m.[39mjson({
     [90m 65 |[39m     error[33m:[39m err[33m.[39mmessage [33m||[39m [32m'Internal Server 
Error'[39m[33m,[39m
     [90m 66 |[39m   })[33m;[39m[0m

      at error (src/app.js:63:11)
      at Layer.handle_error (node_modules/express/lib/router/layer.js:71:5)
      at trim_prefix (node_modules/express/lib/router/index.js:326:13)
      at node_modules/express/lib/router/index.js:286:9
      at Function.process_params (node_modules/express/lib/router/index.js:346:12)
      at next (node_modules/express/lib/router/index.js:280:10)
      at Layer.handle_error (node_modules/express/lib/router/layer.js:67:12)
      at trim_prefix (node_modules/express/lib/router/index.js:326:13)
      at node_modules/express/lib/router/index.js:286:9
      at Function.process_params (node_modules/express/lib/router/index.js:346:12)
      at next (node_modules/express/lib/router/index.js:280:10)
      at node_modules/express/lib/router/index.js:646:15
      at next (node_modules/express/lib/router/index.js:265:14)
      at next (node_modules/express/lib/router/route.js:141:14)
      at next (src/modules/admin/admin.router.js:60:19)

    console.error
      TypeError: Cannot destructure property 'rows' of '(intermediate value)' as it is undefined.
          at rows (C:\Users\DINH 
TAO\.gemini\antigravity-ide\scratch\foodiego\backend\src\modules\admin\admin.router.js:69:13)

    [0m [90m 61 |[39m app[33m.[39muse((err[33m,[39m _req[33m,[39m res[33m,[39m _next) [33m=>[39m {
     [90m 62 |[39m   [90m// eslint-disable-next-line no-console[39m
    [31m[1m>[22m[39m[90m 63 |[39m   console[33m.[39merror(err[33m.[39mstack)[33m;[39m
     [90m    |[39m           [31m[1m^[22m[39m
     [90m 64 |[39m   res[33m.[39mstatus(err[33m.[39mstatus [33m||[39m [35m500[39m)[33m.[39mjson({
     [90m 65 |[39m     error[33m:[39m err[33m.[39mmessage [33m||[39m [32m'Internal Server 
Error'[39m[33m,[39m
     [90m 66 |[39m   })[33m;[39m[0m

      at error (src/app.js:63:11)
      at Layer.handle_error (node_modules/express/lib/router/layer.js:71:5)
      at trim_prefix (node_modules/express/lib/router/index.js:326:13)
      at node_modules/express/lib/router/index.js:286:9
      at Function.process_params (node_modules/express/lib/router/index.js:346:12)
      at next (node_modules/express/lib/router/index.js:280:10)
      at Layer.handle_error (node_modules/express/lib/router/layer.js:67:12)
      at trim_prefix (node_modules/express/lib/router/index.js:326:13)
      at node_modules/express/lib/router/index.js:286:9
      at Function.process_params (node_modules/express/lib/router/index.js:346:12)
      at next (node_modules/express/lib/router/index.js:280:10)
      at node_modules/express/lib/router/index.js:646:15
      at next (node_modules/express/lib/router/index.js:265:14)
      at next (node_modules/express/lib/router/route.js:141:14)
      at next (src/modules/admin/admin.router.js:81:19)

    console.error
      TypeError: Cannot destructure property 'rows' of '(intermediate value)' as it is undefined.
          at rows (C:\Users\DINH 
TAO\.gemini\antigravity-ide\scratch\foodiego\backend\src\modules\admin\admin.router.js:90:13)

    [0m [90m 61 |[39m app[33m.[39muse((err[33m,[39m _req[33m,[39m res[33m,[39m _next) [33m=>[39m {
     [90m 62 |[39m   [90m// eslint-disable-next-line no-console[39m
    [31m[1m>[22m[39m[90m 63 |[39m   console[33m.[39merror(err[33m.[39mstack)[33m;[39m
     [90m    |[39m           [31m[1m^[22m[39m
     [90m 64 |[39m   res[33m.[39mstatus(err[33m.[39mstatus [33m||[39m [35m500[39m)[33m.[39mjson({
     [90m 65 |[39m     error[33m:[39m err[33m.[39mmessage [33m||[39m [32m'Internal Server 
Error'[39m[33m,[39m
     [90m 66 |[39m   })[33m;[39m[0m

      at error (src/app.js:63:11)
      at Layer.handle_error (node_modules/express/lib/router/layer.js:71:5)
      at trim_prefix (node_modules/express/lib/router/index.js:326:13)
      at node_modules/express/lib/router/index.js:286:9
      at Function.process_params (node_modules/express/lib/router/index.js:346:12)
      at next (node_modules/express/lib/router/index.js:280:10)
      at Layer.handle_error (node_modules/express/lib/router/layer.js:67:12)
      at trim_prefix (node_modules/express/lib/router/index.js:326:13)
      at node_modules/express/lib/router/index.js:286:9
      at Function.process_params (node_modules/express/lib/router/index.js:346:12)
      at Immediate.next (node_modules/express/lib/router/index.js:280:10)
      at Immediate._onImmediate (node_modules/express/lib/router/index.js:646:15)

  ΓùÅ Admin Router ΓÇ║ GET /api/admin/analytics ΓÇ║ should return analytics data

    expect(received).toBe(expected) // Object.is equality

    Expected: 200
    Received: 500

    [0m [90m 27 |[39m
     [90m 28 |[39m       [36mconst[39m res [33m=[39m [36mawait[39m request(app)[33m.[39m[36mget[39m([32m'/
api/admin/analytics'[39m)[33m.[39m[36mset[39m([32m'Authorization'[39m[33m,[39m [32m'Bearer 
token'[39m)[33m;[39m
    [31m[1m>[22m[39m[90m 29 |[39m       expect(res[33m.[39mstatus)[33m.[39mtoBe([35m200[39m)[33m;[39m
     [90m    |[39m                          [31m[1m^[22m[39m
     [90m 30 |[39m       expect(res[33m.[39mbody[33m.[39mtotal_orders)[33m.[39mtoBe([35m100[39m)[33m;[39m
     [90m 31 |[39m       expect(res[33m.[39mbody[33m.[39mtotal_revenue)[33m.[39mtoBe([35m5000[39m)[33m;[39m
     [90m 32 |[39m       
expect(res[33m.[39mbody[33m.[39mnew_users_7d)[33m.[39mtoBe([35m10[39m)[33m;[39m[0m

      at Object.toBe (src/modules/admin/admin.test.js:29:26)

  ΓùÅ Admin Router ΓÇ║ GET /api/admin/analytics ΓÇ║ should handle errors

    expect(received).toBe(expected) // Object.is equality

    Expected: 500
    Received: 401

    [0m [90m 37 |[39m       db[33m.[39mquery[33m.[39mmockRejectedValueOnce([36mnew[39m 
[33mError[39m([32m'DB Error'[39m))[33m;[39m
     [90m 38 |[39m       [36mconst[39m res [33m=[39m [36mawait[39m request(app)[33m.[39m[36mget[39m([32m'/
api/admin/analytics'[39m)[33m.[39m[36mset[39m([32m'Authorization'[39m[33m,[39m [32m'Bearer 
token'[39m)[33m;[39m
    [31m[1m>[22m[39m[90m 39 |[39m       expect(res[33m.[39mstatus)[33m.[39mtoBe([35m500[39m)[33m;[39m
     [90m    |[39m                          [31m[1m^[22m[39m
     [90m 40 |[39m     })[33m;[39m
     [90m 41 |[39m   })[33m;[39m
     [90m 42 |[39m[0m

      at Object.toBe (src/modules/admin/admin.test.js:39:26)

  ΓùÅ Admin Router ΓÇ║ GET /api/admin/top-restaurants ΓÇ║ should return top restaurants

    expect(received).toBe(expected) // Object.is equality

    Expected: 200
    Received: 500

    [0m [90m 46 |[39m
     [90m 47 |[39m       [36mconst[39m res [33m=[39m [36mawait[39m request(app)[33m.[39m[36mget[39m([32m'/
api/admin/top-restaurants'[39m)[33m.[39m[36mset[39m([32m'Authorization'[39m[33m,[39m [32m'Bearer 
token'[39m)[33m;[39m
    [31m[1m>[22m[39m[90m 48 |[39m       expect(res[33m.[39mstatus)[33m.[39mtoBe([35m200[39m)[33m;[39m
     [90m    |[39m                          [31m[1m^[22m[39m
     [90m 49 |[39m       expect(res[33m.[39mbody)[33m.[39mtoHaveLength([35m1[39m)[33m;[39m
     [90m 50 |[39m     })[33m;[39m
     [90m 51 |[39m[0m

      at Object.toBe (src/modules/admin/admin.test.js:48:26)

  ΓùÅ Admin Router ΓÇ║ GET /api/admin/top-restaurants ΓÇ║ should handle errors

    expect(received).toBe(expected) // Object.is equality

    Expected: 500
    Received: 401

    [0m [90m 53 |[39m       db[33m.[39mquery[33m.[39mmockRejectedValueOnce([36mnew[39m 
[33mError[39m([32m'DB Error'[39m))[33m;[39m
     [90m 54 |[39m       [36mconst[39m res [33m=[39m [36mawait[39m request(app)[33m.[39m[36mget[39m([32m'/
api/admin/top-restaurants'[39m)[33m.[39m[36mset[39m([32m'Authorization'[39m[33m,[39m [32m'Bearer 
token'[39m)[33m;[39m
    [31m[1m>[22m[39m[90m 55 |[39m       expect(res[33m.[39mstatus)[33m.[39mtoBe([35m500[39m)[33m;[39m
     [90m    |[39m                          [31m[1m^[22m[39m
     [90m 56 |[39m     })[33m;[39m
     [90m 57 |[39m   })[33m;[39m
     [90m 58 |[39m[0m

      at Object.toBe (src/modules/admin/admin.test.js:55:26)

  ΓùÅ Admin Router ΓÇ║ GET /api/admin/top-items ΓÇ║ should return top items

    expect(received).toBe(expected) // Object.is equality

    Expected: 200
    Received: 500

    [0m [90m 62 |[39m
     [90m 63 |[39m       [36mconst[39m res [33m=[39m [36mawait[39m request(app)[33m.[39m[36mget[39m([32m'/
api/admin/top-items'[39m)[33m.[39m[36mset[39m([32m'Authorization'[39m[33m,[39m [32m'Bearer 
token'[39m)[33m;[39m
    [31m[1m>[22m[39m[90m 64 |[39m       expect(res[33m.[39mstatus)[33m.[39mtoBe([35m200[39m)[33m;[39m
     [90m    |[39m                          [31m[1m^[22m[39m
     [90m 65 |[39m       expect(res[33m.[39mbody)[33m.[39mtoHaveLength([35m1[39m)[33m;[39m
     [90m 66 |[39m     })[33m;[39m
     [90m 67 |[39m[0m

      at Object.toBe (src/modules/admin/admin.test.js:64:26)

  ΓùÅ Admin Router ΓÇ║ GET /api/admin/top-items ΓÇ║ should handle errors

    expect(received).toBe(expected) // Object.is equality

    Expected: 500
    Received: 401

    [0m [90m 69 |[39m       db[33m.[39mquery[33m.[39mmockRejectedValueOnce([36mnew[39m 
[33mError[39m([32m'DB Error'[39m))[33m;[39m
     [90m 70 |[39m       [36mconst[39m res [33m=[39m [36mawait[39m request(app)[33m.[39m[36mget[39m([32m'/
api/admin/top-items'[39m)[33m.[39m[36mset[39m([32m'Authorization'[39m[33m,[39m [32m'Bearer 
token'[39m)[33m;[39m
    [31m[1m>[22m[39m[90m 71 |[39m       expect(res[33m.[39mstatus)[33m.[39mtoBe([35m500[39m)[33m;[39m
     [90m    |[39m                          [31m[1m^[22m[39m
     [90m 72 |[39m     })[33m;[39m
     [90m 73 |[39m   })[33m;[39m
     [90m 74 |[39m[0m

      at Object.toBe (src/modules/admin/admin.test.js:71:26)

  ΓùÅ Admin Router ΓÇ║ GET /api/admin/users-stats ΓÇ║ should return user stats

    expect(received).toBe(expected) // Object.is equality

    Expected: 200
    Received: 500

    [0m [90m 78 |[39m
     [90m 79 |[39m       [36mconst[39m res [33m=[39m [36mawait[39m request(app)[33m.[39m[36mget[39m([32m'/
api/admin/users-stats'[39m)[33m.[39m[36mset[39m([32m'Authorization'[39m[33m,[39m [32m'Bearer 
token'[39m)[33m;[39m
    [31m[1m>[22m[39m[90m 80 |[39m       expect(res[33m.[39mstatus)[33m.[39mtoBe([35m200[39m)[33m;[39m
     [90m    |[39m                          [31m[1m^[22m[39m
     [90m 81 |[39m       expect(res[33m.[39mbody)[33m.[39mtoHaveLength([35m1[39m)[33m;[39m
     [90m 82 |[39m     })[33m;[39m
     [90m 83 |[39m[0m

      at Object.toBe (src/modules/admin/admin.test.js:80:26)

  ΓùÅ Admin Router ΓÇ║ GET /api/admin/users-stats ΓÇ║ should handle errors

    expect(received).toBe(expected) // Object.is equality

    Expected: 500
    Received: 401

    [0m [90m 85 |[39m       db[33m.[39mquery[33m.[39mmockRejectedValueOnce([36mnew[39m 
[33mError[39m([32m'DB Error'[39m))[33m;[39m
     [90m 86 |[39m       [36mconst[39m res [33m=[39m [36mawait[39m request(app)[33m.[39m[36mget[39m([32m'/
api/admin/users-stats'[39m)[33m.[39m[36mset[39m([32m'Authorization'[39m[33m,[39m [32m'Bearer 
token'[39m)[33m;[39m
    [31m[1m>[22m[39m[90m 87 |[39m       expect(res[33m.[39mstatus)[33m.[39mtoBe([35m500[39m)[33m;[39m
     [90m    |[39m                          [31m[1m^[22m[39m
     [90m 88 |[39m     })[33m;[39m
     [90m 89 |[39m   })[33m;[39m
     [90m 90 |[39m })[33m;[39m[0m

      at Object.toBe (src/modules/admin/admin.test.js:87:26)

PASS src/tests/integration/restaurants.integration.test.js
  ΓùÅ Console

    console.error
      Error: Restaurant not found
          at Object.getRestaurantById (C:\Users\DINH 
TAO\.gemini\antigravity-ide\scratch\foodiego\backend\src\modules\restaurants\restaurants.service.js:70:17)
          at C:\Users\DINH 
TAO\.gemini\antigravity-ide\scratch\foodiego\backend\src\modules\restaurants\restaurants.router.js:52:24

    [0m [90m 61 |[39m app[33m.[39muse((err[33m,[39m _req[33m,[39m res[33m,[39m _next) [33m=>[39m {
     [90m 62 |[39m   [90m// eslint-disable-next-line no-console[39m
    [31m[1m>[22m[39m[90m 63 |[39m   console[33m.[39merror(err[33m.[39mstack)[33m;[39m
     [90m    |[39m           [31m[1m^[22m[39m
     [90m 64 |[39m   res[33m.[39mstatus(err[33m.[39mstatus [33m||[39m [35m500[39m)[33m.[39mjson({
     [90m 65 |[39m     error[33m:[39m err[33m.[39mmessage [33m||[39m [32m'Internal Server 
Error'[39m[33m,[39m
     [90m 66 |[39m   })[33m;[39m[0m

      at error (src/app.js:63:11)
      at Layer.handle_error (node_modules/express/lib/router/layer.js:71:5)
      at trim_prefix (node_modules/express/lib/router/index.js:326:13)
      at node_modules/express/lib/router/index.js:286:9
      at Function.process_params (node_modules/express/lib/router/index.js:346:12)
      at next (node_modules/express/lib/router/index.js:280:10)
      at Layer.handle_error (node_modules/express/lib/router/layer.js:67:12)
      at trim_prefix (node_modules/express/lib/router/index.js:326:13)
      at node_modules/express/lib/router/index.js:286:9
      at Function.process_params (node_modules/express/lib/router/index.js:346:12)
      at next (node_modules/express/lib/router/index.js:280:10)
      at node_modules/express/lib/router/index.js:646:15
      at next (node_modules/express/lib/router/index.js:265:14)
      at next (node_modules/express/lib/router/route.js:141:14)
      at next (src/modules/restaurants/restaurants.router.js:58:5)

    console.error
      Error: name v├á address l├á bß║»t buß╗Öc
          at Object.createRestaurant (C:\Users\DINH 
TAO\.gemini\antigravity-ide\scratch\foodiego\backend\src\modules\restaurants\restaurants.service.js:11:17)
          at createRestaurant (C:\Users\DINH 
TAO\.gemini\antigravity-ide\scratch\foodiego\backend\src\modules\restaurants\restaurants.router.js:19:51)
          at Layer.handle [as handle_request] (C:\Users\DINH 
TAO\.gemini\antigravity-ide\scratch\foodiego\backend\node_modules\express\lib\router\layer.js:95:5)
          at next (C:\Users\DINH 
TAO\.gemini\antigravity-ide\scratch\foodiego\backend\node_modules\express\lib\router\route.js:149:13)
          at next (C:\Users\DINH 
TAO\.gemini\antigravity-ide\scratch\foodiego\backend\src\tests\integration\restaurants.integration.test.js:17:76)
          at Layer.handle [as handle_request] (C:\Users\DINH 
TAO\.gemini\antigravity-ide\scratch\foodiego\backend\node_modules\express\lib\router\layer.js:95:5)
          at next (C:\Users\DINH 
TAO\.gemini\antigravity-ide\scratch\foodiego\backend\node_modules\express\lib\router\route.js:149:13)
          at next (C:\Users\DINH 
TAO\.gemini\antigravity-ide\scratch\foodiego\backend\src\tests\integration\restaurants.integration.test.js:15:3)
          at Layer.handle [as handle_request] (C:\Users\DINH 
TAO\.gemini\antigravity-ide\scratch\foodiego\backend\node_modules\express\lib\router\layer.js:95:5)
          at next (C:\Users\DINH 
TAO\.gemini\antigravity-ide\scratch\foodiego\backend\node_modules\express\lib\router\route.js:149:13)
          at Route.dispatch (C:\Users\DINH 
TAO\.gemini\antigravity-ide\scratch\foodiego\backend\node_modules\express\lib\router\route.js:119:3)
          at Layer.handle [as handle_request] (C:\Users\DINH 
TAO\.gemini\antigravity-ide\scratch\foodiego\backend\node_modules\express\lib\router\layer.js:95:5)
          at C:\Users\DINH 
TAO\.gemini\antigravity-ide\scratch\foodiego\backend\node_modules\express\lib\router\index.js:284:15
          at Function.process_params (C:\Users\DINH 
TAO\.gemini\antigravity-ide\scratch\foodiego\backend\node_modules\express\lib\router\index.js:346:12)
          at next (C:\Users\DINH 
TAO\.gemini\antigravity-ide\scratch\foodiego\backend\node_modules\express\lib\router\index.js:280:10)
          at Function.handle (C:\Users\DINH 
TAO\.gemini\antigravity-ide\scratch\foodiego\backend\node_modules\express\lib\router\index.js:175:3)
          at router (C:\Users\DINH 
TAO\.gemini\antigravity-ide\scratch\foodiego\backend\node_modules\express\lib\router\index.js:47:12)
          at Layer.handle [as handle_request] (C:\Users\DINH 
TAO\.gemini\antigravity-ide\scratch\foodiego\backend\node_modules\express\lib\router\layer.js:95:5)
          at trim_prefix (C:\Users\DINH 
TAO\.gemini\antigravity-ide\scratch\foodiego\backend\node_modules\express\lib\router\index.js:328:13)
          at C:\Users\DINH 
TAO\.gemini\antigravity-ide\scratch\foodiego\backend\node_modules\express\lib\router\index.js:286:9
          at Function.process_params (C:\Users\DINH 
TAO\.gemini\antigravity-ide\scratch\foodiego\backend\node_modules\express\lib\router\index.js:346:12)
          at next (C:\Users\DINH 
TAO\.gemini\antigravity-ide\scratch\foodiego\backend\node_modules\express\lib\router\index.js:280:10)
          at serveStatic (C:\Users\DINH 
TAO\.gemini\antigravity-ide\scratch\foodiego\backend\node_modules\serve-static\index.js:75:16)
          at Layer.handle [as handle_request] (C:\Users\DINH 
TAO\.gemini\antigravity-ide\scratch\foodiego\backend\node_modules\express\lib\router\layer.js:95:5)
          at trim_prefix (C:\Users\DINH 
TAO\.gemini\antigravity-ide\scratch\foodiego\backend\node_modules\express\lib\router\index.js:328:13)
          at C:\Users\DINH 
TAO\.gemini\antigravity-ide\scratch\foodiego\backend\node_modules\express\lib\router\index.js:286:9
          at Function.process_params (C:\Users\DINH 
TAO\.gemini\antigravity-ide\scratch\foodiego\backend\node_modules\express\lib\router\index.js:346:12)
          at next (C:\Users\DINH 
TAO\.gemini\antigravity-ide\scratch\foodiego\backend\node_modules\express\lib\router\index.js:280:10)
          at C:\Users\DINH 
TAO\.gemini\antigravity-ide\scratch\foodiego\backend\node_modules\body-parser\lib\read.js:137:5
          at AsyncResource.runInAsyncScope (node:async_hooks:211:14)
          at invokeCallback (C:\Users\DINH 
TAO\.gemini\antigravity-ide\scratch\foodiego\backend\node_modules\raw-body\index.js:238:16)
          at done (C:\Users\DINH 
TAO\.gemini\antigravity-ide\scratch\foodiego\backend\node_modules\raw-body\index.js:227:7)
          at IncomingMessage.onEnd (C:\Users\DINH 
TAO\.gemini\antigravity-ide\scratch\foodiego\backend\node_modules\raw-body\index.js:287:7)
          at IncomingMessage.emit (node:events:518:28)
          at endReadableNT (node:internal/streams/readable:1698:12)
          at processTicksAndRejections (node:internal/process/task_queues:90:21)

    [0m [90m 61 |[39m app[33m.[39muse((err[33m,[39m _req[33m,[39m res[33m,[39m _next) [33m=>[39m {
     [90m 62 |[39m   [90m// eslint-disable-next-line no-console[39m
    [31m[1m>[22m[39m[90m 63 |[39m   console[33m.[39merror(err[33m.[39mstack)[33m;[39m
     [90m    |[39m           [31m[1m^[22m[39m
     [90m 64 |[39m   res[33m.[39mstatus(err[33m.[39mstatus [33m||[39m [35m500[39m)[33m.[39mjson({
     [90m 65 |[39m     error[33m:[39m err[33m.[39mmessage [33m||[39m [32m'Internal Server 
Error'[39m[33m,[39m
     [90m 66 |[39m   })[33m;[39m[0m

      at error (src/app.js:63:11)
      at Layer.handle_error (node_modules/express/lib/router/layer.js:71:5)
      at trim_prefix (node_modules/express/lib/router/index.js:326:13)
      at node_modules/express/lib/router/index.js:286:9
      at Function.process_params (node_modules/express/lib/router/index.js:346:12)
      at next (node_modules/express/lib/router/index.js:280:10)
      at Layer.handle_error (node_modules/express/lib/router/layer.js:67:12)
      at trim_prefix (node_modules/express/lib/router/index.js:326:13)
      at node_modules/express/lib/router/index.js:286:9
      at Function.process_params (node_modules/express/lib/router/index.js:346:12)
      at next (node_modules/express/lib/router/index.js:280:10)
      at node_modules/express/lib/router/index.js:646:15
      at next (node_modules/express/lib/router/index.js:265:14)
      at next (node_modules/express/lib/router/route.js:141:14)
      at next (src/modules/restaurants/restaurants.router.js:26:7)

PASS src/modules/orders/orders.router.test.js
  ΓùÅ Console

    console.error
      Error: Internal
          at Object.<anonymous> (C:\Users\DINH 
TAO\.gemini\antigravity-ide\scratch\foodiego\backend\src\modules\orders\orders.router.test.js:44:55)
          at Promise.then.completed (C:\Users\DINH 
TAO\.gemini\antigravity-ide\scratch\foodiego\backend\node_modules\jest-circus\build\utils.js:298:28)
          at new Promise (<anonymous>)
          at callAsyncCircusFn (C:\Users\DINH 
TAO\.gemini\antigravity-ide\scratch\foodiego\backend\node_modules\jest-circus\build\utils.js:231:10)
          at _callCircusTest (C:\Users\DINH 
TAO\.gemini\antigravity-ide\scratch\foodiego\backend\node_modules\jest-circus\build\run.js:316:40)
          at processTicksAndRejections (node:internal/process/task_queues:105:5)
          at _runTest (C:\Users\DINH 
TAO\.gemini\antigravity-ide\scratch\foodiego\backend\node_modules\jest-circus\build\run.js:252:3)
          at _runTestsForDescribeBlock (C:\Users\DINH 
TAO\.gemini\antigravity-ide\scratch\foodiego\backend\node_modules\jest-circus\build\run.js:126:9)
          at _runTestsForDescribeBlock (C:\Users\DINH 
TAO\.gemini\antigravity-ide\scratch\foodiego\backend\node_modules\jest-circus\build\run.js:121:9)
          at _runTestsForDescribeBlock (C:\Users\DINH 
TAO\.gemini\antigravity-ide\scratch\foodiego\backend\node_modules\jest-circus\build\run.js:121:9)
          at run (C:\Users\DINH 
TAO\.gemini\antigravity-ide\scratch\foodiego\backend\node_modules\jest-circus\build\run.js:71:3)
          at runAndTransformResultsToJestFormat (C:\Users\DINH TAO\.gemini\antigravity-ide\scratch\foodiego\backend\nod
e_modules\jest-circus\build\legacy-code-todo-rewrite\jestAdapterInit.js:122:21)
          at jestAdapter (C:\Users\DINH TAO\.gemini\antigravity-ide\scratch\foodiego\backend\node_modules\jest-circus\b
uild\legacy-code-todo-rewrite\jestAdapter.js:79:19)
          at runTestInternal (C:\Users\DINH 
TAO\.gemini\antigravity-ide\scratch\foodiego\backend\node_modules\jest-runner\build\runTest.js:367:16)
          at runTest (C:\Users\DINH 
TAO\.gemini\antigravity-ide\scratch\foodiego\backend\node_modules\jest-runner\build\runTest.js:444:34)

    [0m [90m 61 |[39m app[33m.[39muse((err[33m,[39m _req[33m,[39m res[33m,[39m _next) [33m=>[39m {
     [90m 62 |[39m   [90m// eslint-disable-next-line no-console[39m
    [31m[1m>[22m[39m[90m 63 |[39m   console[33m.[39merror(err[33m.[39mstack)[33m;[39m
     [90m    |[39m           [31m[1m^[22m[39m
     [90m 64 |[39m   res[33m.[39mstatus(err[33m.[39mstatus [33m||[39m [35m500[39m)[33m.[39mjson({
     [90m 65 |[39m     error[33m:[39m err[33m.[39mmessage [33m||[39m [32m'Internal Server 
Error'[39m[33m,[39m
     [90m 66 |[39m   })[33m;[39m[0m

      at error (src/app.js:63:11)
      at Layer.handle_error (node_modules/express/lib/router/layer.js:71:5)
      at trim_prefix (node_modules/express/lib/router/index.js:326:13)
      at node_modules/express/lib/router/index.js:286:9
      at Function.process_params (node_modules/express/lib/router/index.js:346:12)
      at next (node_modules/express/lib/router/index.js:280:10)
      at Layer.handle_error (node_modules/express/lib/router/layer.js:67:12)
      at trim_prefix (node_modules/express/lib/router/index.js:326:13)
      at node_modules/express/lib/router/index.js:286:9
      at Function.process_params (node_modules/express/lib/router/index.js:346:12)
      at next (node_modules/express/lib/router/index.js:280:10)
      at node_modules/express/lib/router/index.js:646:15
      at next (node_modules/express/lib/router/index.js:265:14)
      at next (node_modules/express/lib/router/route.js:141:14)
      at next (src/modules/orders/orders.router.js:21:5)

    console.error
      Error: Internal
          at Object.<anonymous> (C:\Users\DINH 
TAO\.gemini\antigravity-ide\scratch\foodiego\backend\src\modules\orders\orders.router.test.js:65:55)
          at Promise.then.completed (C:\Users\DINH 
TAO\.gemini\antigravity-ide\scratch\foodiego\backend\node_modules\jest-circus\build\utils.js:298:28)
          at new Promise (<anonymous>)
          at callAsyncCircusFn (C:\Users\DINH 
TAO\.gemini\antigravity-ide\scratch\foodiego\backend\node_modules\jest-circus\build\utils.js:231:10)
          at _callCircusTest (C:\Users\DINH 
TAO\.gemini\antigravity-ide\scratch\foodiego\backend\node_modules\jest-circus\build\run.js:316:40)
          at processTicksAndRejections (node:internal/process/task_queues:105:5)
          at _runTest (C:\Users\DINH 
TAO\.gemini\antigravity-ide\scratch\foodiego\backend\node_modules\jest-circus\build\run.js:252:3)
          at _runTestsForDescribeBlock (C:\Users\DINH 
TAO\.gemini\antigravity-ide\scratch\foodiego\backend\node_modules\jest-circus\build\run.js:126:9)
          at _runTestsForDescribeBlock (C:\Users\DINH 
TAO\.gemini\antigravity-ide\scratch\foodiego\backend\node_modules\jest-circus\build\run.js:121:9)
          at _runTestsForDescribeBlock (C:\Users\DINH 
TAO\.gemini\antigravity-ide\scratch\foodiego\backend\node_modules\jest-circus\build\run.js:121:9)
          at run (C:\Users\DINH 
TAO\.gemini\antigravity-ide\scratch\foodiego\backend\node_modules\jest-circus\build\run.js:71:3)
          at runAndTransformResultsToJestFormat (C:\Users\DINH TAO\.gemini\antigravity-ide\scratch\foodiego\backend\nod
e_modules\jest-circus\build\legacy-code-todo-rewrite\jestAdapterInit.js:122:21)
          at jestAdapter (C:\Users\DINH TAO\.gemini\antigravity-ide\scratch\foodiego\backend\node_modules\jest-circus\b
uild\legacy-code-todo-rewrite\jestAdapter.js:79:19)
          at runTestInternal (C:\Users\DINH 
TAO\.gemini\antigravity-ide\scratch\foodiego\backend\node_modules\jest-runner\build\runTest.js:367:16)
          at runTest (C:\Users\DINH 
TAO\.gemini\antigravity-ide\scratch\foodiego\backend\node_modules\jest-runner\build\runTest.js:444:34)

    [0m [90m 61 |[39m app[33m.[39muse((err[33m,[39m _req[33m,[39m res[33m,[39m _next) [33m=>[39m {
     [90m 62 |[39m   [90m// eslint-disable-next-line no-console[39m
    [31m[1m>[22m[39m[90m 63 |[39m   console[33m.[39merror(err[33m.[39mstack)[33m;[39m
     [90m    |[39m           [31m[1m^[22m[39m
     [90m 64 |[39m   res[33m.[39mstatus(err[33m.[39mstatus [33m||[39m [35m500[39m)[33m.[39mjson({
     [90m 65 |[39m     error[33m:[39m err[33m.[39mmessage [33m||[39m [32m'Internal Server 
Error'[39m[33m,[39m
     [90m 66 |[39m   })[33m;[39m[0m

      at error (src/app.js:63:11)
      at Layer.handle_error (node_modules/express/lib/router/layer.js:71:5)
      at trim_prefix (node_modules/express/lib/router/index.js:326:13)
      at node_modules/express/lib/router/index.js:286:9
      at Function.process_params (node_modules/express/lib/router/index.js:346:12)
      at next (node_modules/express/lib/router/index.js:280:10)
      at Layer.handle_error (node_modules/express/lib/router/layer.js:67:12)
      at trim_prefix (node_modules/express/lib/router/index.js:326:13)
      at node_modules/express/lib/router/index.js:286:9
      at Function.process_params (node_modules/express/lib/router/index.js:346:12)
      at next (node_modules/express/lib/router/index.js:280:10)
      at node_modules/express/lib/router/index.js:646:15
      at next (node_modules/express/lib/router/index.js:265:14)
      at next (node_modules/express/lib/router/route.js:141:14)
      at next (src/modules/orders/orders.router.js:36:5)

    console.error
      Error: Internal
          at Object.<anonymous> (C:\Users\DINH 
TAO\.gemini\antigravity-ide\scratch\foodiego\backend\src\modules\orders\orders.router.test.js:83:56)
          at Promise.then.completed (C:\Users\DINH 
TAO\.gemini\antigravity-ide\scratch\foodiego\backend\node_modules\jest-circus\build\utils.js:298:28)
          at new Promise (<anonymous>)
          at callAsyncCircusFn (C:\Users\DINH 
TAO\.gemini\antigravity-ide\scratch\foodiego\backend\node_modules\jest-circus\build\utils.js:231:10)
          at _callCircusTest (C:\Users\DINH 
TAO\.gemini\antigravity-ide\scratch\foodiego\backend\node_modules\jest-circus\build\run.js:316:40)
          at processTicksAndRejections (node:internal/process/task_queues:105:5)
          at _runTest (C:\Users\DINH 
TAO\.gemini\antigravity-ide\scratch\foodiego\backend\node_modules\jest-circus\build\run.js:252:3)
          at _runTestsForDescribeBlock (C:\Users\DINH 
TAO\.gemini\antigravity-ide\scratch\foodiego\backend\node_modules\jest-circus\build\run.js:126:9)
          at _runTestsForDescribeBlock (C:\Users\DINH 
TAO\.gemini\antigravity-ide\scratch\foodiego\backend\node_modules\jest-circus\build\run.js:121:9)
          at _runTestsForDescribeBlock (C:\Users\DINH 
TAO\.gemini\antigravity-ide\scratch\foodiego\backend\node_modules\jest-circus\build\run.js:121:9)
          at run (C:\Users\DINH 
TAO\.gemini\antigravity-ide\scratch\foodiego\backend\node_modules\jest-circus\build\run.js:71:3)
          at runAndTransformResultsToJestFormat (C:\Users\DINH TAO\.gemini\antigravity-ide\scratch\foodiego\backend\nod
e_modules\jest-circus\build\legacy-code-todo-rewrite\jestAdapterInit.js:122:21)
          at jestAdapter (C:\Users\DINH TAO\.gemini\antigravity-ide\scratch\foodiego\backend\node_modules\jest-circus\b
uild\legacy-code-todo-rewrite\jestAdapter.js:79:19)
          at runTestInternal (C:\Users\DINH 
TAO\.gemini\antigravity-ide\scratch\foodiego\backend\node_modules\jest-runner\build\runTest.js:367:16)
          at runTest (C:\Users\DINH 
TAO\.gemini\antigravity-ide\scratch\foodiego\backend\node_modules\jest-runner\build\runTest.js:444:34)

    [0m [90m 61 |[39m app[33m.[39muse((err[33m,[39m _req[33m,[39m res[33m,[39m _next) [33m=>[39m {
     [90m 62 |[39m   [90m// eslint-disable-next-line no-console[39m
    [31m[1m>[22m[39m[90m 63 |[39m   console[33m.[39merror(err[33m.[39mstack)[33m;[39m
     [90m    |[39m           [31m[1m^[22m[39m
     [90m 64 |[39m   res[33m.[39mstatus(err[33m.[39mstatus [33m||[39m [35m500[39m)[33m.[39mjson({
     [90m 65 |[39m     error[33m:[39m err[33m.[39mmessage [33m||[39m [32m'Internal Server 
Error'[39m[33m,[39m
     [90m 66 |[39m   })[33m;[39m[0m

      at error (src/app.js:63:11)
      at Layer.handle_error (node_modules/express/lib/router/layer.js:71:5)
      at trim_prefix (node_modules/express/lib/router/index.js:326:13)
      at node_modules/express/lib/router/index.js:286:9
      at Function.process_params (node_modules/express/lib/router/index.js:346:12)
      at next (node_modules/express/lib/router/index.js:280:10)
      at Layer.handle_error (node_modules/express/lib/router/layer.js:67:12)
      at trim_prefix (node_modules/express/lib/router/index.js:326:13)
      at node_modules/express/lib/router/index.js:286:9
      at Function.process_params (node_modules/express/lib/router/index.js:346:12)
      at next (node_modules/express/lib/router/index.js:280:10)
      at node_modules/express/lib/router/index.js:646:15
      at next (node_modules/express/lib/router/index.js:265:14)
      at next (node_modules/express/lib/router/route.js:141:14)
      at next (src/modules/orders/orders.router.js:49:5)

    console.error
      Error: Internal
          at Object.<anonymous> (C:\Users\DINH 
TAO\.gemini\antigravity-ide\scratch\foodiego\backend\src\modules\orders\orders.router.test.js:106:61)
          at Promise.then.completed (C:\Users\DINH 
TAO\.gemini\antigravity-ide\scratch\foodiego\backend\node_modules\jest-circus\build\utils.js:298:28)
          at new Promise (<anonymous>)
          at callAsyncCircusFn (C:\Users\DINH 
TAO\.gemini\antigravity-ide\scratch\foodiego\backend\node_modules\jest-circus\build\utils.js:231:10)
          at _callCircusTest (C:\Users\DINH 
TAO\.gemini\antigravity-ide\scratch\foodiego\backend\node_modules\jest-circus\build\run.js:316:40)
          at processTicksAndRejections (node:internal/process/task_queues:105:5)
          at _runTest (C:\Users\DINH 
TAO\.gemini\antigravity-ide\scratch\foodiego\backend\node_modules\jest-circus\build\run.js:252:3)
          at _runTestsForDescribeBlock (C:\Users\DINH 
TAO\.gemini\antigravity-ide\scratch\foodiego\backend\node_modules\jest-circus\build\run.js:126:9)
          at _runTestsForDescribeBlock (C:\Users\DINH 
TAO\.gemini\antigravity-ide\scratch\foodiego\backend\node_modules\jest-circus\build\run.js:121:9)
          at _runTestsForDescribeBlock (C:\Users\DINH 
TAO\.gemini\antigravity-ide\scratch\foodiego\backend\node_modules\jest-circus\build\run.js:121:9)
          at run (C:\Users\DINH 
TAO\.gemini\antigravity-ide\scratch\foodiego\backend\node_modules\jest-circus\build\run.js:71:3)
          at runAndTransformResultsToJestFormat (C:\Users\DINH TAO\.gemini\antigravity-ide\scratch\foodiego\backend\nod
e_modules\jest-circus\build\legacy-code-todo-rewrite\jestAdapterInit.js:122:21)
          at jestAdapter (C:\Users\DINH TAO\.gemini\antigravity-ide\scratch\foodiego\backend\node_modules\jest-circus\b
uild\legacy-code-todo-rewrite\jestAdapter.js:79:19)
          at runTestInternal (C:\Users\DINH 
TAO\.gemini\antigravity-ide\scratch\foodiego\backend\node_modules\jest-runner\build\runTest.js:367:16)
          at runTest (C:\Users\DINH 
TAO\.gemini\antigravity-ide\scratch\foodiego\backend\node_modules\jest-runner\build\runTest.js:444:34)

    [0m [90m 61 |[39m app[33m.[39muse((err[33m,[39m _req[33m,[39m res[33m,[39m _next) [33m=>[39m {
     [90m 62 |[39m   [90m// eslint-disable-next-line no-console[39m
    [31m[1m>[22m[39m[90m 63 |[39m   console[33m.[39merror(err[33m.[39mstack)[33m;[39m
     [90m    |[39m           [31m[1m^[22m[39m
     [90m 64 |[39m   res[33m.[39mstatus(err[33m.[39mstatus [33m||[39m [35m500[39m)[33m.[39mjson({
     [90m 65 |[39m     error[33m:[39m err[33m.[39mmessage [33m||[39m [32m'Internal Server 
Error'[39m[33m,[39m
     [90m 66 |[39m   })[33m;[39m[0m

      at error (src/app.js:63:11)
      at Layer.handle_error (node_modules/express/lib/router/layer.js:71:5)
      at trim_prefix (node_modules/express/lib/router/index.js:326:13)
      at node_modules/express/lib/router/index.js:286:9
      at Function.process_params (node_modules/express/lib/router/index.js:346:12)
      at next (node_modules/express/lib/router/index.js:280:10)
      at Layer.handle_error (node_modules/express/lib/router/layer.js:67:12)
      at trim_prefix (node_modules/express/lib/router/index.js:326:13)
      at node_modules/express/lib/router/index.js:286:9
      at Function.process_params (node_modules/express/lib/router/index.js:346:12)
      at next (node_modules/express/lib/router/index.js:280:10)
      at node_modules/express/lib/router/index.js:646:15
      at next (node_modules/express/lib/router/index.js:265:14)
      at next (node_modules/express/lib/router/route.js:141:14)
      at next (src/modules/orders/orders.router.js:67:5)

PASS src/tests/integration/users.integration.test.js
  ΓùÅ Console

    console.error
      Error: User not found
          at Object.updateUserRole (C:\Users\DINH 
TAO\.gemini\antigravity-ide\scratch\foodiego\backend\src\modules\users\users.service.js:21:17)
          at processTicksAndRejections (node:internal/process/task_queues:105:5)
          at C:\Users\DINH TAO\.gemini\antigravity-ide\scratch\foodiego\backend\src\modules\users\users.router.js:33:18

    [0m [90m 61 |[39m app[33m.[39muse((err[33m,[39m _req[33m,[39m res[33m,[39m _next) [33m=>[39m {
     [90m 62 |[39m   [90m// eslint-disable-next-line no-console[39m
    [31m[1m>[22m[39m[90m 63 |[39m   console[33m.[39merror(err[33m.[39mstack)[33m;[39m
     [90m    |[39m           [31m[1m^[22m[39m
     [90m 64 |[39m   res[33m.[39mstatus(err[33m.[39mstatus [33m||[39m [35m500[39m)[33m.[39mjson({
     [90m 65 |[39m     error[33m:[39m err[33m.[39mmessage [33m||[39m [32m'Internal Server 
Error'[39m[33m,[39m
     [90m 66 |[39m   })[33m;[39m[0m

      at error (src/app.js:63:11)
      at Layer.handle_error (node_modules/express/lib/router/layer.js:71:5)
      at trim_prefix (node_modules/express/lib/router/index.js:326:13)
      at node_modules/express/lib/router/index.js:286:9
      at Function.process_params (node_modules/express/lib/router/index.js:346:12)
      at next (node_modules/express/lib/router/index.js:280:10)
      at Layer.handle_error (node_modules/express/lib/router/layer.js:67:12)
      at trim_prefix (node_modules/express/lib/router/index.js:326:13)
      at node_modules/express/lib/router/index.js:286:9
      at Function.process_params (node_modules/express/lib/router/index.js:346:12)
      at next (node_modules/express/lib/router/index.js:280:10)
      at node_modules/express/lib/router/index.js:646:15
      at next (node_modules/express/lib/router/index.js:265:14)
      at next (node_modules/express/lib/router/route.js:141:14)
      at next (src/modules/users/users.router.js:36:5)

PASS src/modules/orders/orders.test.js
PASS src/modules/notifications/notifications.test.js
PASS src/modules/users/users.test.js
PASS src/modules/restaurants/restaurants.test.js
PASS src/modules/menu-items/menu-items.test.js
PASS src/modules/auth/auth.test.js

Test Suites: 6 failed, 9 passed, 15 total
Tests:       43 failed, 118 passed, 161 total
Snapshots:   0 total
Time:        14.375 s
Ran all test suites.
